[    0.000000] Booting Linux on physical CPU 0x0
[    0.000000] Initializing cgroup subsys cpuset
[    0.000000] Initializing cgroup subsys cpu
[    0.000000] Initializing cgroup subsys cpuacct
[    0.000000] Initializing cgroup subsys schedtune
[    0.000000] Linux version 4.4.220-EAS-BY_Tanz-Beta6 (root@ubuntu) (LiuNian-20200415 clang version 11.0.0 (GitHub.COM/WLoot 81aba6cd7252bd4c2226466faccdcf8bf04ad092)) #1 SMP PREEMPT Fri May 1 22:14:39 CST 2020
[    0.000000] Boot CPU: AArch64 Processor [512f2011]
[    0.000000] Powerup reason=0x1a1
[    0.000000] Machine: Qualcomm Technologies, Inc. MSM 8996pro + PMI8996 MTP
[    0.000000] Reserved memory: reserved region for node 'removed_regions@85800000': base 0x0000000085800000, size 68 MiB
[    0.000000] Reserved memory: reserved region for node 'dfps_data_mem@83400000': base 0x0000000083400000, size 0 MiB
[    0.000000] Reserved memory: reserved region for node 'cont_splash_mem@83401000': base 0x0000000083401000, size 35 MiB
[    0.000000] Reserved memory: reserved region for node 'peripheral_region@8fe00000': base 0x000000008fe00000, size 43 MiB
[    0.000000] Reserved memory: reserved region for node 'modem_region@89c00000': base 0x0000000089c00000, size 98 MiB
[    0.000000] Reserved memory: reserved region for node 'ramoops_mem@92900000': base 0x0000000092900000, size 2 MiB
[    0.000000] Reserved memory: allocated memory for 'qseecom_region' node: base 0x00000000fe800000, size 20 MiB
[    0.000000] Reserved memory: created CMA memory pool at 0x00000000fe800000, size 20 MiB
[    0.000000] Reserved memory: initialized node qseecom_region, compatible id shared-dma-pool
[    0.000000] Reserved memory: allocated memory for 'linux,cma' node: base 0x00000000fc800000, size 32 MiB
[    0.000000] Reserved memory: created CMA memory pool at 0x00000000fc800000, size 32 MiB
[    0.000000] Reserved memory: initialized node linux,cma, compatible id shared-dma-pool
[    0.000000] Reserved memory: allocated memory for 'adsp_region' node: base 0x00000000fc400000, size 4 MiB
[    0.000000] Reserved memory: created CMA memory pool at 0x00000000fc400000, size 4 MiB
[    0.000000] Reserved memory: initialized node adsp_region, compatible id shared-dma-pool
[    0.000000] Reserved memory: allocated memory for 'secure_region' node: base 0x00000000f6800000, size 92 MiB
[    0.000000] Reserved memory: created CMA memory pool at 0x00000000f6800000, size 92 MiB
[    0.000000] Reserved memory: initialized node secure_region, compatible id shared-dma-pool
[    0.000000] Removed memory: created DMA memory pool at 0x0000000085800000, size 68 MiB
[    0.000000] Reserved memory: initialized node removed_regions@85800000, compatible id removed-dma-pool
[    0.000000] Removed memory: created DMA memory pool at 0x0000000089c00000, size 98 MiB
[    0.000000] Reserved memory: initialized node modem_region@89c00000, compatible id removed-dma-pool
[    0.000000] Removed memory: created DMA memory pool at 0x000000008fe00000, size 43 MiB
[    0.000000] Reserved memory: initialized node peripheral_region@8fe00000, compatible id removed-dma-pool
[    0.000000] On node 0 totalpages: 987728
[    0.000000] free_area_init_node: node 0, pgdat ffffff800995ae80, node_mem_map ffffffc0fa55c000
[    0.000000] DMA zone: 8192 pages used for memmap
[    0.000000] DMA zone: 0 pages reserved
[    0.000000] DMA zone: 470272 pages, LIFO batch:31
[    0.000000] Normal zone: 8086 pages used for memmap
[    0.000000] Normal zone: 517456 pages, LIFO batch:31
[    0.000000] psci: probing for conduit method from DT.
[    0.000000] psci: PSCIv1.0 detected in firmware.
[    0.000000] psci: Using standard PSCI v0.2 function IDs
[    0.000000] psci: MIGRATE_INFO_TYPE not supported.
[    0.000000] psci: SMC Calling Convention v1.0
[    0.000000] psci: Initializing psci_cpu_init
[    0.000000] psci: Initializing psci_cpu_init
[    0.000000] psci: Initializing psci_cpu_init
[    0.000000] random: get_random_bytes called from 0xffffff8009600574 with crng_init=0
[    0.000000] PERCPU: Embedded 17 pages/cpu @ffffffc0fa2f9000 s38104 r0 d31528 u69632
[    0.000000] pcpu-alloc: s38104 r0 d31528 u69632 alloc=17*4096
[    0.000000] pcpu-alloc: [0] 0 [0] 1 [0] 2 [0] 3 
[    0.000000] Built 1 zonelists in Zone order, mobility grouping on.  Total pages: 971450
[    0.000000] Kernel command line: lpm_levels.sleep_disabled=1 fpsimd.fpsimd_settings=1 app_setting.use_app_setting=0 app_setting.use_32bit_app_setting_pro=1 kpti=1 androidboot.hardware=qcom ehci-hcd.park=3 loop.max_part=7 buildvariant=userdebug androidboot.selinux=permissive androidboot.bootdevice=624000.ufshc androidboot.verifiedbootstate=orange androidboot.veritymode=eio androidboot.keymaster=1 androidboot.serialno=e44abed5 androidboot.secureboot=1 androidboot.hwversion=7.4.4 androidboot.baseband=msm mdss_mdp.panel=1:dsi:0:qcom,mdss_dsi_jdi_fhd_r63452_j1_pro_cmd:1:none:cfg:single_dsi fpsimd.fpsimd_settings=0 app_setting.use_app_setting=0
[    0.000000] log_buf_len individual max cpu contribution: 2097152 bytes
[    0.000000] log_buf_len total cpu_extra contributions: 6291456 bytes
[    0.000000] log_buf_len min size: 131072 bytes
[    0.000000] log_buf_len: 8388608 bytes
[    0.000000] early log buf free: 125828(95%)
[    0.000000] PID hash table entries: 4096 (order: 3, 32768 bytes)
[    0.000000] Dentry cache hash table entries: 524288 (order: 10, 4194304 bytes)
[    0.000000] Inode-cache hash table entries: 262144 (order: 9, 2097152 bytes)
[    0.000000] software IO TLB: mapped [mem 0xf2800000-0xf6800000] (64MB)
[    0.000000] Memory: 3585816K/3950912K available (15870K kernel code, 1700K rwdata, 5924K rodata, 2048K init, 3392K bss, 213544K reserved, 151552K cma-reserved)
[    0.000000] Virtual kernel memory layout:\x0a    modules : 0xffffff8000000000 - 0xffffff8008000000   (   128 MB)\x0a    vmalloc : 0xffffff8008000000 - 0xffffffbdbfff0000   (   246 GB)\x0a      .init : 0xffffff8009600000 - 0xffffff8009800000   (  2048 KB)\x0a      .text : 0xffffff8008080000 - 0xffffff8009000000   ( 15872 KB)\x0a    .rodata : 0xffffff8009000000 - 0xffffff8009600000   (  6144 KB)\x0a      .data : 0xffffff8009800000 - 0xffffff80099a9000   (  1700 KB)\x0a    fixed   : 0xffffffbffe7fb000 - 0xffffffbffec00000   (  4116 KB)\x0a    PCI I/O : 0xffffffbffee00000 - 0xffffffbfffe00000   (    16 MB)\x0a    memory  : 0xffffffc000000000 - 0xffffffc0fe550000   (  4069 MB)
[    0.000000] SLUB: HWalign=128, Order=0-3, MinObjects=0, CPUs=4, Nodes=1
[    0.000000] Preemptible hierarchical RCU implementation.
[    0.000000] \x09RCU dyntick-idle grace-period acceleration is enabled.
[    0.000000] NR_IRQS:64 nr_irqs:64 0
[    0.000000] mpm_init_irq_domain(): Cannot find irq controller for qcom,gpio-parent
[    0.000000] MPM 1 irq mapping errored -517
[    0.000000] \x09Offload RCU callbacks from all CPUs
[    0.000000] \x09Offload RCU callbacks from CPUs: 0-3.
[    0.000000] Architected cp15 and mmio timer(s) running at 19.20MHz (virt/virt).
[    0.000000] clocksource: arch_sys_counter: mask: 0xffffffffffffff max_cycles: 0x46d987e47, max_idle_ns: 440795202767 ns
[    0.000003] sched_clock: 56 bits at 19MHz, resolution 52ns, wraps every 4398046511078ns
[    0.000016] clocksource: Switched to clocksource arch_sys_counter
[    0.000455] Calibrating delay loop (skipped), value calculated using timer frequency.. 38.40 BogoMIPS (lpj=192000)
[    0.000465] pid_max: default: 32768 minimum: 301
[    0.000520] Security Framework initialized
[    0.000530] SELinux:  Initializing.
[    0.000562] SELinux:  Starting in permissive mode
[    0.000588] Mount-cache hash table entries: 8192 (order: 4, 65536 bytes)
[    0.000595] Mountpoint-cache hash table entries: 8192 (order: 4, 65536 bytes)
[    0.000984] Initializing cgroup subsys io
[    0.001002] Initializing cgroup subsys memory
[    0.001016] Initializing cgroup subsys freezer
[    0.001303] sched-energy: Sched-energy-costs installed from DT
[    0.001317] ASID allocator initialised with 32768 entries
[    0.018155] Configuring XPU violations to be fatal errors
[    0.018897] MSM Memory Dump base table set up
[    0.018914] MSM Memory Dump apps data table set up
[    0.019708] clock-cpu-8996: configuring clocks for the perf cluster
[    0.019861] cpu_clock_8996_early_init: finished CPU clock configuration
[    0.041664] Brought up 4 CPUs
[    0.041678] SMP: Total of 4 processors activated.
[    0.041687] CPU features: detected feature: GIC system register CPU interface
[    0.041693] CPU features: kernel page table isolation forced ON by command line option
[    0.041699] CPU features: detected feature: 32-bit EL0 Support
[    0.041707] CPU: All CPU(s) started at EL1
[    0.041744] alternatives: patching kernel code
[    0.123659] clocksource: jiffies: mask: 0xffffffff max_cycles: 0xffffffff, max_idle_ns: 19112604462750000 ns
[    0.123680] futex hash table entries: 1024 (order: 4, 65536 bytes)
[    0.129490] pinctrl core: initialized pinctrl subsystem
[    0.130065] NET: Registered protocol family 16
[    0.130463] schedtune: init normalization constants...
[    0.130474] schedtune: CLUSTER[0-1]      min_pwr:     0 max_pwr:    67
[    0.130481] schedtune: CPU[0]            min_pwr:     0 max_pwr:  1661
[    0.130488] schedtune: CPU[1]            min_pwr:     0 max_pwr:  1661
[    0.130494] schedtune: CLUSTER[2-3]      min_pwr:     0 max_pwr:    96
[    0.130501] schedtune: CPU[2]            min_pwr:     0 max_pwr:  1715
[    0.130507] schedtune: CPU[3]            min_pwr:     0 max_pwr:  1715
[    0.130512] schedtune: SYSTEM            min_pwr:     0 max_pwr:  6915
[    0.130518] schedtune: using normalization constants mul: 793155928 sh1: 1 sh2: 12
[    0.130523] schedtune: configured to support 6 boost groups
[    0.150084] cpuidle: using governor qcom
[    0.150197] vdso32: 2 pages (1 code @ ffffff8009001000, 1 data @ ffffff8009804000)
[    0.150206] vdso: 2 pages (1 code @ ffffff8009000000, 1 data @ ffffff8009804000)
[    0.150214] hw-breakpoint: found 8 breakpoint and 4 watchpoint registers.
[    0.150939] DMA: preallocated 256 KiB pool for atomic allocations
[    0.155506] __of_mpm_init(): MPM driver mapping exists
[    0.166952] spmi spmi-0: PMIC arbiter version v2 (0x20010000)
[    0.175802] unable to find DT imem DLOAD mode node
[    0.177084] unable to find DT imem EDLOAD mode node
[    0.178893] sps:sps is ready.
[    0.183410] cpu-clock-8996 6400000.qcom,cpu-clock-8996: resources init failed
[    0.271811] smd_channel_probe_now: allocation table not initialized
[    0.272216] smd_channel_probe_now: allocation table not initialized
[    0.272609] smd_channel_probe_now: allocation table not initialized
[    0.273005] smd_channel_probe_now: allocation table not initialized
[    0.273408] msm_watchdog 9830000.qcom,wdt: wdog absent resource not present
[    0.273521] msm_watchdog 9830000.qcom,wdt: No need to allocate memory for scandumps
[    0.273721] msm_watchdog 9830000.qcom,wdt: MSM Watchdog Initialized
[    0.274464] msm_rpm_dev_probe: APSS-RPM communication over GLINK
[    0.282976] platform 9300000.qcom,lpass: assigned reserved memory node peripheral_region@8fe00000
[    0.283250] platform ce0000.qcom,venus: assigned reserved memory node peripheral_region@8fe00000
[    0.283817] platform 1c00000.qcom,ssc: assigned reserved memory node peripheral_region@8fe00000
[    0.284314] platform 2080000.qcom,mss: assigned reserved memory node modem_region@89c00000
[    0.292745] platform soc:qcom,msm-adsprpc-mem: assigned reserved memory node adsp_region
[    0.296351] smd_channel_probe_now: allocation table not initialized
[    0.296386] msm_rpm_trans_notify_state: glink config params: transport=(null), edge=rpm, name=rpm_requests
[    0.301407] kryo_regulator_probe: kryo0: default LDO functional volt=754021 uV, LDO retention volt=521789 uV, Vref func=325285 + 4466*(val), cluster-num=0
[    0.301832] kryo_regulator_probe: kryo1: default LDO functional volt=754021 uV, LDO retention volt=521789 uV, Vref func=325285 + 4466*(val), cluster-num=1
[    0.307887] platform soc:qcom,kgsl-hyp: assigned reserved memory node peripheral_region@8fe00000
[    0.309448] msm_mpm_dev_probe(): Cannot get clk resource for XO: -517
[    0.331681] msm-sn-fuse 74138.snfuse: SN interface initialized
[    0.333770] console [pstore0] enabled
[    0.333872] pstore: Registered ramoops as persistent store backend
[    0.333881] ramoops: attached 0x200000@0x92900000, ecc: 0/0
[    0.335129] spm_regulator_probe: name=pm8994_s11, range=LV, voltage=905000 uV, mode=AUTO, step rate=2400 uV/us
[    0.335619] cpu-clock-8996 6400000.qcom,cpu-clock-8996: resources init failed
[    0.353828] msm_mpm_dev_probe(): Cannot get clk resource for XO: -517
[    0.354511] cpu-clock-8996 6400000.qcom,cpu-clock-8996: resources init failed
[    0.361092] qcom,gcc-8996 300000.qcom,gcc: Registered GCC clocks.
[    0.362705] vfe0_clk_src: set OPP pair(75000000 Hz: 3 uV) on a10000.qcom,vfe0
[    0.362727] vfe0_clk_src: set OPP pair(320000000 Hz: 5 uV) on a10000.qcom,vfe0
[    0.362738] vfe0_clk_src: set OPP pair(600000000 Hz: 7 uV) on a10000.qcom,vfe0
[    0.363357] vfe1_clk_src: set OPP pair(75000000 Hz: 3 uV) on a14000.qcom,vfe1
[    0.363373] vfe1_clk_src: set OPP pair(320000000 Hz: 5 uV) on a14000.qcom,vfe1
[    0.363383] vfe1_clk_src: set OPP pair(600000000 Hz: 7 uV) on a14000.qcom,vfe1
[    0.364015] cpp_clk_src: set OPP pair(100000000 Hz: 3 uV) on a04000.qcom,cpp
[    0.364030] cpp_clk_src: set OPP pair(480000000 Hz: 5 uV) on a04000.qcom,cpp
[    0.364038] cpp_clk_src: set OPP pair(640000000 Hz: 7 uV) on a04000.qcom,cpp
[    0.367431] qcom,mmsscc-8996 8c0000.qcom,mmsscc: Registered MMSS clocks.
[    0.370116] cpr3_msm8996_hmss_read_fuse_data: apc0_pwrcl_corner: speed bin = 1
[    0.370135] cpr3_msm8996_hmss_read_fuse_data: apc0_pwrcl_corner: CPR fusing revision = 2
[    0.370145] cpr3_msm8996_hmss_read_fuse_data: apc0_pwrcl_corner: using redundant fuses = N
[    0.370154] cpr3_msm8996_hmss_read_fuse_data: apc0_pwrcl_corner: CPR limitation = none
[    0.370163] cpr3_msm8996_hmss_read_fuse_data: apc0_pwrcl_corner: CPR partial binning limitation = none
[    0.370173] cpr3_msm8996_hmss_read_fuse_data: apc0_pwrcl_corner: Retention voltage fuses: VDD_MX = 4, VDD_APCC = 4
[    0.370562] cpr3_hmss_kvreg_init: apc0_pwrcl_corner: LDO min headroom=80000 uV, LDO max headroom=470000 uV, LDO adj=0 uV, LDO mode=allowed, LDO retention=490000 uV
[    0.370832] cpr3_msm8996_hmss_calculate_open_loop_voltages: apc0_pwrcl_corner: fused MinSVS: open-loop= 565000 uV
[    0.370844] cpr3_msm8996_hmss_calculate_open_loop_voltages: apc0_pwrcl_corner: fused    SVS: open-loop= 640000 uV
[    0.370851] cpr3_msm8996_hmss_calculate_open_loop_voltages: apc0_pwrcl_corner: fused    NOM: open-loop= 725000 uV
[    0.370859] cpr3_msm8996_hmss_calculate_open_loop_voltages: apc0_pwrcl_corner: fused  TURBO: open-loop= 830000 uV
[    0.370964] cpr3_msm8996_hmss_calculate_target_quotients: apc0_pwrcl_corner: fused MinSVS: quot[ 7]= 277
[    0.370972] cpr3_msm8996_hmss_calculate_target_quotients: apc0_pwrcl_corner: fused    SVS: quot[ 7]= 418, quot_offset[ 7]= 120
[    0.370981] cpr3_msm8996_hmss_calculate_target_quotients: apc0_pwrcl_corner: fused    NOM: quot[ 7]= 608, quot_offset[ 7]= 190
[    0.370990] cpr3_msm8996_hmss_calculate_target_quotients: apc0_pwrcl_corner: fused  TURBO: quot[ 7]= 909, quot_offset[ 7]= 300
[    0.371122] cpr3_msm8996_hmss_read_fuse_data: apc0_cbf_corner: speed bin = 1
[    0.371131] cpr3_msm8996_hmss_read_fuse_data: apc0_cbf_corner: CPR fusing revision = 2
[    0.371140] cpr3_msm8996_hmss_read_fuse_data: apc0_cbf_corner: using redundant fuses = N
[    0.371148] cpr3_msm8996_hmss_read_fuse_data: apc0_cbf_corner: CPR limitation = none
[    0.371156] cpr3_msm8996_hmss_read_fuse_data: apc0_cbf_corner: CPR partial binning limitation = none
[    0.371167] cpr3_msm8996_hmss_read_fuse_data: apc0_cbf_corner: Retention voltage fuses: VDD_MX = 4, VDD_APCC = 4
[    0.371304] cpr3_msm8996_hmss_calculate_open_loop_voltages: apc0_cbf_corner: fused MinSVS: open-loop= 565000 uV
[    0.371313] cpr3_msm8996_hmss_calculate_open_loop_voltages: apc0_cbf_corner: fused    SVS: open-loop= 640000 uV
[    0.371321] cpr3_msm8996_hmss_calculate_open_loop_voltages: apc0_cbf_corner: fused    NOM: open-loop= 725000 uV
[    0.371328] cpr3_msm8996_hmss_calculate_open_loop_voltages: apc0_cbf_corner: fused  TURBO: open-loop= 830000 uV
[    0.371339] cpr3_msm8996_hmss_calculate_open_loop_voltages: apc0_cbf_corner: fused MinSVS: CBF offset open-loop= 535000 uV
[    0.371346] cpr3_msm8996_hmss_calculate_open_loop_voltages: apc0_cbf_corner: fused LowSVS: CBF offset open-loop= 640000 uV
[    0.371353] cpr3_msm8996_hmss_calculate_open_loop_voltages: apc0_cbf_corner: fused    SVS: CBF offset open-loop= 640000 uV
[    0.371361] cpr3_msm8996_hmss_calculate_open_loop_voltages: apc0_cbf_corner: fused    NOM: CBF offset open-loop= 745000 uV
[    0.371368] cpr3_msm8996_hmss_calculate_open_loop_voltages: apc0_cbf_corner: fused  TURBO: CBF offset open-loop= 840000 uV
[    0.371408] cpr3_msm8996_hmss_calculate_target_quotients: apc0_cbf_corner: fused MinSVS: quot[ 7]= 277
[    0.371417] cpr3_msm8996_hmss_calculate_target_quotients: apc0_cbf_corner: fused    SVS: quot[ 7]= 418, quot_offset[ 7]= 120
[    0.371425] cpr3_msm8996_hmss_calculate_target_quotients: apc0_cbf_corner: fused    NOM: quot[ 7]= 608, quot_offset[ 7]= 190
[    0.371432] cpr3_msm8996_hmss_calculate_target_quotients: apc0_cbf_corner: fused  TURBO: quot[ 7]= 909, quot_offset[ 7]= 300
[    0.371530] cpr3_msm8996_hmss_read_fuse_data: apc1_corner: speed bin = 1
[    0.371538] cpr3_msm8996_hmss_read_fuse_data: apc1_corner: CPR fusing revision = 2
[    0.371547] cpr3_msm8996_hmss_read_fuse_data: apc1_corner: using redundant fuses = N
[    0.371555] cpr3_msm8996_hmss_read_fuse_data: apc1_corner: CPR limitation = none
[    0.371563] cpr3_msm8996_hmss_read_fuse_data: apc1_corner: CPR partial binning limitation = none
[    0.371574] cpr3_msm8996_hmss_read_fuse_data: apc1_corner: Retention voltage fuses: VDD_MX = 4, VDD_APCC = 4
[    0.371989] cpr3_hmss_kvreg_init: apc1_corner: LDO min headroom=130000 uV, LDO max headroom=470000 uV, LDO adj=0 uV, LDO mode=allowed, LDO retention=490000 uV
[    0.372281] cpr3_msm8996_hmss_calculate_open_loop_voltages: apc1_corner: fused MinSVS: open-loop= 565000 uV
[    0.372292] cpr3_msm8996_hmss_calculate_open_loop_voltages: apc1_corner: fused    SVS: open-loop= 650000 uV
[    0.372300] cpr3_msm8996_hmss_calculate_open_loop_voltages: apc1_corner: fused    NOM: open-loop= 715000 uV
[    0.372308] cpr3_msm8996_hmss_calculate_open_loop_voltages: apc1_corner: fused  TURBO: open-loop= 900000 uV
[    0.372427] cpr3_msm8996_hmss_calculate_target_quotients: apc1_corner: fused MinSVS: quot[ 7]= 270
[    0.372436] cpr3_msm8996_hmss_calculate_target_quotients: apc1_corner: fused    SVS: quot[ 7]= 431, quot_offset[ 7]= 120
[    0.372444] cpr3_msm8996_hmss_calculate_target_quotients: apc1_corner: fused    NOM: quot[ 7]= 578, quot_offset[ 7]= 145
[    0.372453] cpr3_msm8996_hmss_calculate_target_quotients: apc1_corner: fused  TURBO: quot[ 7]=1030, quot_offset[ 7]= 450
[    0.373099] cpr3_regulator_init_ctrl: apcc: Default CPR mode = SW closed-loop
[    0.376595] cpr3_regulator_measure_aging: apcc: average quotient delta=36 (count=10)
[    0.376636] cpr3_regulator_aging_adjust: apcc: aging measurement successful; aging reference adjustment voltage=5000 uV
[    0.377585] cpr3_regulator_debugfs_ctrl_add: apcc: cpr3-regulator debugfs base directory creation failed
[    0.378312] cpr3_msm8996_mmss_read_fuse_data: gfx_corner: speed bin = 1
[    0.378324] cpr3_msm8996_mmss_read_fuse_data: gfx_corner: CPR fusing revision = 1
[    0.378334] cpr3_msm8996_mmss_read_fuse_data: gfx_corner: CPR limitation = none
[    0.378593] cpr3_msm8996_mmss_calculate_open_loop_voltages: gfx_corner: fuse_corner[0] open-loop= 630000 uV
[    0.378601] cpr3_msm8996_mmss_calculate_open_loop_voltages: gfx_corner: fuse_corner[1] open-loop= 675000 uV
[    0.378609] cpr3_msm8996_mmss_calculate_open_loop_voltages: gfx_corner: fuse_corner[2] open-loop= 805000 uV
[    0.378616] cpr3_msm8996_mmss_calculate_open_loop_voltages: gfx_corner: fuse_corner[3] open-loop= 935000 uV
[    0.378814] cpr3_regulator_init_ctrl: gfx: Default CPR mode = closed-loop
[    0.379141] cpr3_regulator_debugfs_ctrl_add: gfx: cpr3-regulator debugfs base directory creation failed
[    0.380442] cpu-clock-8996 6400000.qcom,cpu-clock-8996: using perf/pwr/cbf speed bin 1 and pvs_ver 0
[    0.382411] clock-cpu-8996: set OPP pair (307200000 Hz, 555000 uv) on cpu0
[    0.382449] clock-cpu-8996: set OPP pair (2188800000 Hz, 905000 uv) on cpu0
[    0.382469] clock-cpu-8996: set OPP pair (307200000 Hz, 555000 uv) on cpu1
[    0.382501] clock-cpu-8996: set OPP pair (2188800000 Hz, 905000 uv) on cpu1
[    0.382517] clock-cpu-8996: set OPP pair (307200000 Hz, 555000 uv) on cpu2
[    0.382562] clock-cpu-8996: set OPP pair (2342400000 Hz, 875000 uv) on cpu2
[    0.382578] clock-cpu-8996: set OPP pair (307200000 Hz, 555000 uv) on cpu3
[    0.382620] clock-cpu-8996: set OPP pair (2342400000 Hz, 875000 uv) on cpu3
[    0.382851] clock-cpu-8996: set OPP pair (192000000 Hz, 540000 uv) on soc:qcom,m4m
[    0.382883] clock-cpu-8996: set OPP pair (1593600000 Hz, 845000 uv) on soc:qcom,m4m
[    0.383297] qcom,gpucc-8996 8c0000.qcom,gpucc: using speed bin 1
[    0.383778] gfx3d_clk_src_v2: set OPP pair(133000000 Hz: 535000 uV) on b00000.qcom,kgsl-3d0
[    0.383818] gfx3d_clk_src_v2: set OPP pair(710000000 Hz: 840000 uV) on b00000.qcom,kgsl-3d0
[    0.385777] qcom,gpucc-8996 8c0000.qcom,gpucc: Registered GPU clocks.
[    0.406831] socinfo_print: v0.11, id=305, ver=1.1, raw_id=95, raw_ver=1, hw_plat=8, hw_plat_ver=65536\x0a accessory_chip=0, hw_plat_subtype=0, pmic_model=65545, pmic_die_revision=131072 foundry_id=3 serial_number=3782776777 num_pmics=2
[    0.406851] msm_bus_fabric_init_driver
[    0.424737] msm-bus-type fab-a0noc: Error: Failed to get regulator bus-gdsc:-517
[    0.424824] msm-bus-type fab-a0noc: Error: Failed to get regulator bus-a-gdsc:-517
[    0.425445] msm-bus-type fab-mnoc-ahb: Error: Failed to get regulator bus-gdsc:-517
[    0.425525] msm-bus-type fab-mnoc-ahb: Error: Failed to get regulator bus-a-gdsc:-517
[    0.431270] msm-bus-type slv-vmem-cfg: Error: Failed to get regulator node-gdsc:-517
[    0.432397] msm-bus-type slv-vmem: Error: Failed to get regulator node-gdsc:-517
[    0.447119] msm-bus-type fab-a0noc: Error: Failed to get regulator aggre0-snoc-axi-no-rate:-517
[    0.447210] msm-bus-type fab-a0noc: Error: Failed to get regulator aggre0-snoc-axi-no-rate:-517
[    0.447290] msm-bus-type fab-a0noc: Error: Failed to get regulator aggre0-snoc-axi-no-rate:-517
[    0.447432] msm-bus-type fab-mnoc: Error: Failed to get regulator mmagic-ahb-no-rate:-517
[    0.447511] msm-bus-type fab-mnoc: Error: Failed to get regulator mmagic-ahb-no-rate:-517
[    0.447588] msm-bus-type fab-mnoc: Error: Failed to get regulator mmagic-ahb-no-rate:-517
[    0.447665] msm-bus-type fab-mnoc: Error: Failed to get regulator mmagic-ahb-no-rate:-517
[    0.447742] msm-bus-type fab-mnoc: Error: Failed to get regulator mmagic-ahb-no-rate:-517
[    0.447819] msm-bus-type fab-mnoc: Error: Failed to get regulator mmagic-ahb-no-rate:-517
[    0.447894] msm-bus-type fab-mnoc: Error: Failed to get regulator mmagic-ahb-no-rate:-517
[    0.458264] SCSI subsystem initialized
[    0.459414] usbcore: registered new interface driver usbfs
[    0.459454] usbcore: registered new interface driver hub
[    0.459615] usbcore: registered new device driver usb
[    0.459972] qcom,qpnp-power-on 400f000.qcom,spmi:qcom,pm8994@0:qcom,power-on@800: PMIC@SID0 Power-on reason: Triggered from Hard Reset and 'warm' boot
[    0.459998] qcom,qpnp-power-on 400f000.qcom,spmi:qcom,pm8994@0:qcom,power-on@800: PMIC@SID0: Power-off reason: Triggered from KPDPWR_N (Long Power Key hold)
[    0.460323] input: qpnp_pon as /devices/virtual/input/input0
[    0.461373] qcom,qpnp-power-on 400f000.qcom,spmi:qcom,pmi8994@2:qcom,power-on@800: No PON config. specified
[    0.461436] qcom,qpnp-power-on 400f000.qcom,spmi:qcom,pmi8994@2:qcom,power-on@800: PMIC@SID2 Power-on reason: Triggered from USB (USB charger insertion) and 'warm' boot
[    0.461458] qcom,qpnp-power-on 400f000.qcom,spmi:qcom,pmi8994@2:qcom,power-on@800: PMIC@SID2: Power-off reason: Triggered from PS_HOLD (PS_HOLD/MSM controlled shutdown)
[    0.462937] i2c-msm-v2 75ba000.i2c: probing driver i2c-msm-v2
[    0.466404] i2c-msm-v2 757a000.i2c: probing driver i2c-msm-v2
[    0.468752] i2c-msm-v2 75b5000.i2c: probing driver i2c-msm-v2
[    0.471218] i2c-msm-v2 75b6000.i2c: probing driver i2c-msm-v2
[    0.476020] i2c-msm-v2 75b7000.i2c: probing driver i2c-msm-v2
[    0.479314] i2c-msm-v2 7577000.i2c: probing driver i2c-msm-v2
[    0.481958] media: Linux media interface: v0.10
[    0.482037] Linux video capture interface: v2.00
[    0.487061] msm-thermal 70000.qcom,msm-thermal: probe_psm:Failed reading node=/soc/qcom,msm-thermal, key=qcom,pmic-sw-mode-temp. err=-22. KTM continues
[    0.488201] msm-thermal 70000.qcom,msm-thermal: probe_ocr:Failed reading node=/soc/qcom,msm-thermal, key=qcom,pmic-opt-curr-temp err:-22. KTM continues
[    0.488223] msm-thermal 70000.qcom,msm-thermal: probe_vdd_mx:Failed reading node=/soc/qcom,msm-thermal, key=qcom,mx-restriction-temp. KTM continues
[    0.488262] msm-thermal 70000.qcom,msm-thermal: msm_thermal:Failed reading node=/soc/qcom,msm-thermal, key=qcom,rpm-phase-resource-type err=-22. KTM continues
[    0.488279] msm-thermal 70000.qcom,msm-thermal: msm_thermal:Failed reading node=/soc/qcom,msm-thermal, key=qcom,gfx-sensor-id. err=-22. KTM continues
[    0.498835] cpufreq: driver msm up and running
[    0.499794] PMIC@SID0: PM8994 v2.0 options: 0, 0, 2, 2
[    0.502062] PMIC@SID2: PMI8996 v1.1 options: 0, 0, 0, 0
[    0.502237] platform soc:qcom,ion:qcom,ion-heap@22: assigned reserved memory node adsp_region
[    0.504190] platform soc:qcom,ion:qcom,ion-heap@27: assigned reserved memory node qseecom_region
[    0.505586] platform soc:qcom,ion:qcom,ion-heap@10: assigned reserved memory node secure_region
[    0.507684] ION heap system created
[    0.508400] ION heap adsp created at 0x00000000fc400000 with size 400000
[    0.508435] ION heap qsecom created at 0x00000000fe800000 with size 1400000
[    0.508463] ION heap secure_display created at 0x00000000f6800000 with size 5c00000
[    0.508491] ION heap secure_heap created
[    0.512502] ipa get_ipa_dts_configuration:4873 : apps shutdown support = Disabled
[    0.516799] ipa ipa2_uc_state_check:296 uC interface not initialized
[    0.516844] ipa ipa_sps_irq_control_all:963 EP (2) not allocated.
[    0.516870] ipa ipa_sps_irq_control_all:963 EP (5) not allocated.
[    0.519551] sps:BAM 0x0000000000684000 is registered.
[    0.521652] ipa ipa2_uc_state_check:296 uC interface not initialized
[    0.521921] sps:BAM 0x0000000000684000 (va:0xffffff800a340000) enabled: ver:0x27, number of pipes:20
[    0.524587] ipa ipa2_uc_state_check:296 uC interface not initialized
[    0.528113] ipa ipa2_uc_state_check:296 uC interface not initialized
[    0.531328] IPA driver initialization was successful.
[    0.539297] gdsc_mdss: supplied by gdsc_mmagic_mdss
[    0.548248] mdss_pll_probe: MDSS pll label = MDSS DSI 0 PLL
[    0.548308] mdss_pll_probe: mdss_pll_probe: label=MDSS DSI 0 PLL PLL SSC enabled
[    0.553748] dsi_pll_clock_register_8996: Registered DSI PLL ndx=0 clocks successfully
[    0.647379] iommu: Adding device 600000.qcom,pcie to group 0
[    0.648018] iommu: Adding device soc:usb_audio_qmi_dev to group 1
[    0.648242] iommu: Adding device soc:qcom,msm-audio-ion to group 2
[    0.653265] Advanced Linux Sound Architecture Driver Initialized.
[    0.654007] Bluetooth: ffffffc0f9077da8
[    0.654040] NET: Registered protocol family 31
[    0.654051] Bluetooth: ffffffc0f9077da8
[    0.654067] Bluetooth: ffffffc0f9077d98
[    0.654080] Bluetooth: ffffffc0f9077d88
[    0.655179] cfg80211: World regulatory domain updated:
[    0.655199] cfg80211:  DFS Master region: unset
[    0.655206] cfg80211:   (start_freq - end_freq @ bandwidth), (max_antenna_gain, max_eirp), (dfs_cac_time)
[    0.655221] cfg80211:   (2402000 KHz - 2472000 KHz @ 40000 KHz), (N/A, 2000 mBm), (N/A)
[    0.655228] cfg80211:   (2457000 KHz - 2482000 KHz @ 40000 KHz), (N/A, 2000 mBm), (N/A)
[    0.655237] cfg80211:   (2474000 KHz - 2494000 KHz @ 20000 KHz), (N/A, 2000 mBm), (N/A)
[    0.655244] cfg80211:   (5170000 KHz - 5250000 KHz @ 80000 KHz), (N/A, 2000 mBm), (N/A)
[    0.655251] cfg80211:   (5250000 KHz - 5330000 KHz @ 80000 KHz), (N/A, 2000 mBm), (N/A)
[    0.655259] cfg80211:   (5490000 KHz - 5710000 KHz @ 80000 KHz), (N/A, 2000 mBm), (N/A)
[    0.655265] cfg80211:   (5735000 KHz - 5835000 KHz @ 80000 KHz), (N/A, 2000 mBm), (N/A)
[    0.655272] cfg80211:   (57240000 KHz - 63720000 KHz @ 2160000 KHz), (N/A, 0 mBm), (N/A)
[    0.655734] nfc: nfc_init: NFC Core ver 0.1
[    0.655790] NET: Registered protocol family 39
[    0.655800] pcie:pcie_init.
[    0.657514] 600000.qcom,pcie supply vreg-3.3 not found, using dummy regulator
[    0.664133] msm_pcie_get_resources: PCIe: RC0 can't get tcsr resource.
[    0.668136] qpnp_labibb_regulator_probe: LAB/IBB registered successfully, lab_vreg enable=1 ibb_vreg enable=1 swire_control=0
[    0.668454] clocksource: Switched to clocksource arch_sys_counter
[    0.676869] NET: Registered protocol family 2
[    0.677374] TCP established hash table entries: 32768 (order: 6, 262144 bytes)
[    0.677454] TCP bind hash table entries: 32768 (order: 7, 524288 bytes)
[    0.677762] TCP: Hash tables configured (established 32768 bind 32768)
[    0.677884] UDP hash table entries: 2048 (order: 4, 65536 bytes)
[    0.677924] UDP-Lite hash table entries: 2048 (order: 4, 65536 bytes)
[    0.678275] NET: Registered protocol family 1
[    0.678327] PCI: CLS 0 bytes, default 64
[    0.678905] Trying to unpack rootfs image as initramfs...
[    0.685094] Freeing initrd memory: 2156K
[    0.698320] VFS: Disk quotas dquot_6.6.0
[    0.698427] VFS: Dquot-cache hash table entries: 512 (order 0, 4096 bytes)
[    0.699139] Registering sdcardfs 0.1
[    0.699294] ntfs: driver 2.1.32 [Flags: R/W].
[    0.699601] exFAT: file-system version 2.2.0-3arter97
[    0.699699] SELinux:  Registering netfilter hooks
[    0.700417] pfk_ecryptfs [pfk_ecryptfs_init]: PFK ecryptfs inited successfully
[    0.700429] pfk_ext4 [pfk_ext4_init]: PFK EXT4 inited successfully
[    0.700441] pfk [pfk_init]: Driver initialized successfully
[    0.711463] Block layer SCSI generic (bsg) driver version 0.4 loaded (major 246)
[    0.711483] io scheduler noop registered
[    0.711561] io scheduler cfq registered
[    0.711568] io scheduler anxiety registered (default)
[    0.726096] mdss_mdp_irq_clk_setup: unable to get core gdsc regulator
[    0.726645] mdss_mdp_irq_clk_register: unable to get clk: lut_clk
[    0.726808] mdss_mdp_irq_clk_register: unable to get clk: mnoc_clk
[    0.726819] mdss_mdp_irq_clk_register: unable to get clk: throttle_bus_clk
[    0.728556] No change in context(0==0), skip
[    0.729797] mdss_mdp_pipe_addr_setup: type:0 ftchid:-1 xinid:0 num:0 rect:0 ndx:0x1 prio:0
[    0.729806] mdss_mdp_pipe_addr_setup: type:0 ftchid:-1 xinid:4 num:1 rect:0 ndx:0x2 prio:1
[    0.729813] mdss_mdp_pipe_addr_setup: type:0 ftchid:-1 xinid:8 num:2 rect:0 ndx:0x4 prio:2
[    0.729820] mdss_mdp_pipe_addr_setup: type:0 ftchid:-1 xinid:12 num:8 rect:0 ndx:0x100 prio:3
[    0.729838] mdss_mdp_pipe_addr_setup: type:1 ftchid:-1 xinid:1 num:3 rect:0 ndx:0x8 prio:4
[    0.729844] mdss_mdp_pipe_addr_setup: type:1 ftchid:-1 xinid:5 num:4 rect:0 ndx:0x10 prio:5
[    0.729851] mdss_mdp_pipe_addr_setup: type:1 ftchid:-1 xinid:9 num:5 rect:0 ndx:0x20 prio:6
[    0.729858] mdss_mdp_pipe_addr_setup: type:1 ftchid:-1 xinid:13 num:9 rect:0 ndx:0x200 prio:7
[    0.729873] mdss_mdp_pipe_addr_setup: type:2 ftchid:-1 xinid:2 num:6 rect:0 ndx:0x40 prio:8
[    0.729880] mdss_mdp_pipe_addr_setup: type:2 ftchid:-1 xinid:10 num:7 rect:0 ndx:0x80 prio:9
[    0.729895] mdss_mdp_pipe_addr_setup: type:3 ftchid:-1 xinid:7 num:10 rect:0 ndx:0x400 prio:0
[    0.729902] mdss_mdp_pipe_addr_setup: type:3 ftchid:-1 xinid:7 num:11 rect:0 ndx:0x800 prio:1
[    0.729913] mdss_mdp_parse_dt_handler: Error from prop qcom,mdss-pipe-sw-reset-off : u32 array read
[    0.730002] mdss_mdp_parse_dt_handler: Error from prop qcom,mdss-ib-factor-overlap : u32 array read
[    0.730011] mdss_mdp_parse_dt_handler: Error from prop qcom,mdss-bus-througput-factor : u32 array read
[    0.731711] iommu: Adding device 900000.qcom,mdss_mdp:qcom,smmu_mdp_unsec_cb to group 3
[    0.732148] iommu: Adding device 900000.qcom,mdss_mdp:qcom,smmu_rot_unsec_cb to group 4
[    0.732417] iommu: Adding device 900000.qcom,mdss_mdp:qcom,smmu_mdp_sec_cb to group 5
[    0.732682] iommu: Adding device 900000.qcom,mdss_mdp:qcom,smmu_rot_sec_cb to group 6
[    0.732835] mdss_mdp_probe: mdss version = 0x10070002, bootloader display is on, num 1, intf_sel=0x00000100
[    0.734557] mdss_rotator_init_queue: work thread name=rot_thread_0
[    0.734889] mdss_rotator_init_queue: work thread name=rot_thread_1
[    0.740179] mdss_smmu_probe: iommu v2 domain[0] mapping and clk register successful!
[    0.740706] mdss_smmu_probe: iommu v2 domain[1] mapping and clk register successful!
[    0.741033] mdss_smmu_probe: iommu v2 domain[2] mapping and clk register successful!
[    0.741358] mdss_smmu_probe: iommu v2 domain[3] mapping and clk register successful!
[    0.746027] mdss_dsi_ctrl_probe: DSI Ctrl name = MDSS DSI CTRL->0
[    0.746874] mdss_dsi_find_panel_of_node: cmdline:0:qcom,mdss_dsi_jdi_fhd_r63452_j1_pro_cmd:1:none:cfg:single_dsi panel_name:qcom,mdss_dsi_jdi_fhd_r63452_j1_pro_cmd
[    0.747262] mdss_dsi_panel_init: Panel Name = jdi j1 fhd cmd incell dsi panel
[    0.747345] mdss_dsi_parse_split_link_settings: enable 0 sublinks-count 0 lanes per sublink 0
[    0.747385] mdss_dsi_panel_timing_from_dt: found new timing "qcom,mdss_dsi_jdi_fhd_r63452_j1_pro_cmd" (ffffffc071f17000)
[    0.747403] mdss_dsi_parse_dcs_cmds: failed, key=qcom,mdss-dsi-post-panel-on-command
[    0.747412] mdss_dsi_parse_dcs_cmds: failed, key=qcom,mdss-dsi-timing-switch-command
[    0.747419] mdss_dsi_panel_get_dsc_cfg_np: cannot find dsc config node:
[    0.747518] mdss_dsi_parse_partial_update_caps: partial_update_enabled=0
[    0.747531] mdss_dsi_parse_panel_features: ulps feature disabled
[    0.747539] mdss_dsi_parse_panel_features: ulps during suspend feature disabled
[    0.747549] mdss_dsi_parse_dms_config: dynamic switch feature enabled: 0
[    0.747574] mdss_dsi_parse_dcs_cmds: failed, key=qcom,mdss-dsi-lp-mode-on
[    0.747582] mdss_dsi_parse_dcs_cmds: failed, key=qcom,mdss-dsi-lp-mode-off
[    0.747604] mdss_dsi_set_refresh_rate_range:2331, Unable to read min refresh rate
[    0.747613] mdss_dsi_set_refresh_rate_range:2346, Unable to read max refresh rate
[    0.747618] dyn_fps: min = 60, max = 60
[    0.748090] mdss_dsi_parse_ctrl_params:4506 Unable to read qcom,display-id, data=0000000000000000,len=20
[    0.748113] mdss_dsi_parse_gpio_params: avdd_en gpio not specified
[    0.748145] msm_dss_get_res_byname: 'dsi_phy_regulator' resource not found
[    0.748152] 0xffffff800843d8b0->msm_dss_ioremap_byname: 'dsi_phy_regulator' msm_dss_get_res_byname failed
[    0.748159] mdss_dsi_retrieve_ctrl_resources: ctrl_base=ffffff800a63a000 ctrl_size=400 phy_base=ffffff800a63c400 phy_size=588
[    0.748467] dsi_panel_device_register: Continuous splash enabled
[    0.749092] mdss_register_panel: adding framebuffer device 994000.qcom,mdss_dsi_ctrl0
[    0.750402] mdss_dsi_ctrl_probe: Dsi Ctrl->0 initialized, DSI rev:0x10040001, PHY rev:0x2
[    0.750461] mdss_dsi_status_init: DSI status check interval:5000
[    0.751187] mdss_register_panel: adding framebuffer device soc:qcom,mdss_wb_panel
[    0.753906] kcal_ctrl_init: registered
[    0.756262] mdss_fb_probe: fb0: split_mode:0 left:0 right:0
[    0.756767] mdss_panel_debugfs_init: Debugfs create dir failed with error: -19
[    0.756795] mdss_fb_register: FrameBuffer[0] 1080x1920 registered successfully!
[    0.756951] mdss_dsi_debugfs_setup: debugfs_create_dir dsi fail, error -19
[    0.756975] mdss_dsi_debugfs_init: Error in initilizing dsi ctrl debugfs
[    0.760616] mdss_fb_probe: fb1: split_mode:0 left:0 right:0
[    0.761054] mdss_fb_register: FrameBuffer[1] 640x480 registered successfully!
[    0.763183] mdss_mdp_splash_parse_dt: splash mem child node is not present
[    0.786479] In memshare_probe, Memshare probe success
[    0.788529] memshare_child soc:qcom,memshare:qcom,client_1: for memshare_GPS segments only will be dumped.
[    0.788695] memshare_child soc:qcom,memshare:qcom,client_2: for memshare_FTM segments only will be dumped.
[    0.788802] memshare_child soc:qcom,memshare:qcom,client_3: for memshare_DIAG segments only will be dumped.
[    0.791651] gdsc_venus: supplied by gdsc_mmagic_video
[    0.792053] subsys-pil-tz ce0000.qcom,venus: for venus segments only will be dumped.
[    0.793329] subsys-pil-tz soc:qcom,kgsl-hyp: for a530_zap segments only will be dumped.
[    0.798108] pil-q6v5-mss 2080000.qcom,mss: No pas_id found.
[    0.803042] pil: failed to find qcom,msm-imem-minidump node
[    0.811511] msm_serial_hs: Cannot create debugfs dir
[    0.812252] uart_tx_gpio is not available
[    0.812262] uart_rx_gpio is not available
[    0.812269] uart_cts_gpio is not available
[    0.812276] uart_rfr_gpio is not available
[    0.814160] sps: BAM device 0x0000000007544000 is not registered yet.
[    0.814178] sps:BAM 0x0000000007544000 is registered.
[    0.816478] msm_serial_debugfs_init(): Cannot create loopback.0 debug entry
[    0.816535] 7570000.uart: ttyHS0 at MMIO 0x7570000 (irq = 187, base_baud = 460800) is a MSM HS UART
[    0.819475] msm_serial_hs module loaded
[    0.826360] random: fast init done
[    0.826649] random: crng init done
[    0.865356] brd: module loaded
[    0.873021] loop: module loaded
[    0.873706] zram: Added device: zram0
[    0.875125] QSEECOM: qseecom_probe: qseecom.qsee_version = 0x1000000
[    0.875178] QSEECOM: qseecom_retrieve_ce_data: Device does not support PFE
[    0.875196] QSEECOM: qseecom_probe: no-clock-support=0x1
[    0.875211] QSEECOM: qseecom_probe: qseecom.qsee_reentrancy_support = 2
[    0.876055] QSEECOM: qseecom_probe: qseecom.whitelist_support = 0
[    0.879882] 9-0067 supply i2c not found, using dummy regulator
[    0.980547] i2c-msm-v2 75b7000.i2c: NACK: slave not responding, ensure its powered: msgs(n:2 cur:0 tx) bc(rx:11 tx:1) mode:FIFO slv_addr:0x67 MSTR_STS:0x0d1300c8 OPER:0x00000010
[    0.980664] ti_tusb320 9-0067: ti_tusb320_i2c_read: I2C retry 1
[    1.010318] i2c-msm-v2 75b7000.i2c: NACK: slave not responding, ensure its powered: msgs(n:2 cur:0 tx) bc(rx:11 tx:1) mode:FIFO slv_addr:0x67 MSTR_STS:0x0d1300c8 OPER:0x00000010
[    1.010402] ti_tusb320 9-0067: ti_tusb320_i2c_read: I2C retry 2
[    1.040299] i2c-msm-v2 75b7000.i2c: NACK: slave not responding, ensure its powered: msgs(n:2 cur:0 tx) bc(rx:11 tx:1) mode:FIFO slv_addr:0x67 MSTR_STS:0x0d1300c8 OPER:0x00000010
[    1.040380] ti_tusb320 9-0067: ti_tusb320_i2c_read: I2C retry 3
[    1.070287] i2c-msm-v2 75b7000.i2c: NACK: slave not responding, ensure its powered: msgs(n:2 cur:0 tx) bc(rx:11 tx:1) mode:FIFO slv_addr:0x67 MSTR_STS:0x0d1300c8 OPER:0x00000010
[    1.070367] ti_tusb320 9-0067: ti_tusb320_i2c_read: I2C retry 4
[    1.100296] i2c-msm-v2 75b7000.i2c: NACK: slave not responding, ensure its powered: msgs(n:2 cur:0 tx) bc(rx:11 tx:1) mode:FIFO slv_addr:0x67 MSTR_STS:0x0d1300c8 OPER:0x00000010
[    1.100377] ti_tusb320 9-0067: ti_tusb320_i2c_read: I2C retry 5
[    1.130123] ti_tusb320 9-0067: ti_tusb320_i2c_read: I2C read over retry limit
[    1.130152] ti_tusb320 9-0067: The device is absent
[    1.130571] 9-0047 supply i2c not found, using dummy regulator
[    1.240652] ti_tusb320 9-0047: 023BSUT, 48, 18
[    1.265277] pn548_dev_init : start
[    1.271069] qce 660000.qcedev: Qualcomm Crypto 5.3.1 device found @0x660000
[    1.271131] qce 660000.qcedev: CE device = 0x0\x0aIO base, CE = 0xffffff800aec0000\x0aConsumer (IN) PIPE 2,    Producer (OUT) PIPE 3\x0aIO base BAM = 0x0000000000000000\x0aBAM IRQ 256\x0aEngines Availability = 0x2011053
[    1.271324] sps:BAM 0x0000000000644000 is registered.
[    1.271768] sps:BAM 0x0000000000644000 (va:0xffffff800afc0000) enabled: ver:0x27, number of pipes:16
[    1.272194] QCE50: qce_sps_init:  Qualcomm MSM CE-BAM at 0x0000000000644000 irq 256
[    1.281957] qcrypto 660000.qcrypto: Qualcomm Crypto 5.3.1 device found @0x660000
[    1.282015] qcrypto 660000.qcrypto: CE device = 0x0\x0aIO base, CE = 0xffffff800b840000\x0aConsumer (IN) PIPE 4,    Producer (OUT) PIPE 5\x0aIO base BAM = 0x0000000000000000\x0aBAM IRQ 256\x0aEngines Availability = 0x2011053
[    1.282828] QCE50: qce_sps_init:  Qualcomm MSM CE-BAM at 0x0000000000644000 irq 256
[    1.285611] qcrypto 660000.qcrypto: qcrypto-ecb-aes
[    1.285972] qcrypto 660000.qcrypto: qcrypto-cbc-aes
[    1.286255] qcrypto 660000.qcrypto: qcrypto-ctr-aes
[    1.286519] qcrypto 660000.qcrypto: qcrypto-ecb-des
[    1.286795] qcrypto 660000.qcrypto: qcrypto-cbc-des
[    1.287054] qcrypto 660000.qcrypto: qcrypto-ecb-3des
[    1.287324] qcrypto 660000.qcrypto: qcrypto-cbc-3des
[    1.287594] qcrypto 660000.qcrypto: qcrypto-xts-aes
[    1.287870] qcrypto 660000.qcrypto: qcrypto-sha1
[    1.288130] qcrypto 660000.qcrypto: qcrypto-sha256
[    1.288420] qcrypto 660000.qcrypto: qcrypto-aead-hmac-sha1-cbc-aes
[    1.288682] qcrypto 660000.qcrypto: qcrypto-aead-hmac-sha1-cbc-des
[    1.288965] qcrypto 660000.qcrypto: qcrypto-aead-hmac-sha1-cbc-3des
[    1.289227] qcrypto 660000.qcrypto: qcrypto-aead-hmac-sha256-cbc-aes
[    1.289502] qcrypto 660000.qcrypto: qcrypto-aead-hmac-sha256-cbc-des
[    1.289771] qcrypto 660000.qcrypto: qcrypto-aead-hmac-sha256-cbc-3des
[    1.290284] qcrypto 660000.qcrypto: qcrypto-hmac-sha1
[    1.290933] qcrypto 660000.qcrypto: qcrypto-hmac-sha256
[    1.291319] qcrypto 660000.qcrypto: qcrypto-aes-ccm
[    1.291893] qcrypto 660000.qcrypto: qcrypto-rfc4309-aes-ccm
[    1.295484] ICE IRQ = 195
[    1.310406] qcom_ice_get_pdevice: found ice device ffffffc0719a1400
[    1.310445] qcom_ice_get_pdevice: matching platform device ffffffc072421000
[    1.312627] scm_call failed: func id 0x42000c02, ret: -2, syscall returns: 0xfffffffffffffffc, 0x0, 0x0
[    1.314679] ufshcd-qcom 624000.ufshc: ufs_qcom_parse_reg_info: Unable to find qcom,vddp-ref-clk-supply regulator, assuming enabled
[    1.321267] scsi host0: ufshcd
[    1.328394] qcom_ice 630000.ufsice: QC ICE 2.1.44 device found @0xffffff800ad70000
[    1.358946] gdsc_gpu_gx: supplied by gfx_corner
[    1.370617] iommu: Adding device b40000.qcom,kgsl-iommu:gfx3d_user to group 7
[    1.372394] iommu: Adding device b40000.qcom,kgsl-iommu:gfx3d_secure to group 8
[    1.382610] ufshcd-qcom 624000.ufshc: ufshcd_print_pwr_info:[RX, TX]: gear=[1, 1], lane[1, 1], pwr[SLOWAUTO_MODE, SLOWAUTO_MODE], rate = 0
[    1.423975] Ethernet Channel Bonding Driver: v3.7.1 (April 27, 2011)
[    1.427269] tun: Universal TUN/TAP device driver, 1.6
[    1.427290] tun: (C) 1999-2004 Max Krasnyansky <maxk@qualcomm.com>
[    1.427384] PPP generic driver version 2.4.2
[    1.427496] PPP BSD Compression module registered
[    1.427507] PPP Deflate Compression module registered
[    1.427557] PPP MPPE Compression module registered
[    1.427568] NET: Registered protocol family 24
[    1.427593] PPTP driver version 0.8.5
[    1.428199] wcnss_pre_alloc_init: Failed to create debugfs dir
[    1.428227] cnss_utils: Unable to create debugfs -19
[    1.433353] msm_sharedmem: msm_sharedmem_probe: Device created for client 'rmtfs'
[    1.442979] msm_sharedmem: sharedmem_register_qmi: qmi init successful
[    1.443005] msm_sharedmem: debugfs_init: Failed to create debug_fs directory
[    1.513218] ufshcd-qcom 624000.ufshc: ufshcd_print_pwr_info:[RX, TX]: gear=[3, 3], lane[1, 1], pwr[FAST MODE, FAST MODE], rate = 2
[    1.513642] ufshcd_get_max_icc_level: Couldn't find valid icc_level = 0
[    1.516069] scsi 0:0:0:49488: Well-known LUN    TOSHIBA  THGBF7T0L8LBATAB 0400 PQ: 0 ANSI: 6
[    1.520845] scsi 0:0:0:49456: Well-known LUN    TOSHIBA  THGBF7T0L8LBATAB 0400 PQ: 0 ANSI: 6
[    1.525357] scsi 0:0:0:49476: Well-known LUN    TOSHIBA  THGBF7T0L8LBATAB 0400 PQ: 0 ANSI: 6
[    1.530822] scsi 0:0:0:0: Direct-Access     TOSHIBA  THGBF7T0L8LBATAB 0400 PQ: 0 ANSI: 6
[    1.534596] scsi 0:0:0:1: Direct-Access     TOSHIBA  THGBF7T0L8LBATAB 0400 PQ: 0 ANSI: 6
[    1.537784] scsi 0:0:0:2: Direct-Access     TOSHIBA  THGBF7T0L8LBATAB 0400 PQ: 0 ANSI: 6
[    1.539668] PCI host bridge /soc/qcom,pcie@600000 ranges:
[    1.539716] No bus range found for /soc/qcom,pcie@600000, using [bus 00-ff]
[    1.539783] IO 0x0c200000..0x0c2fffff -> 0x0c200000
[    1.539822] MEM 0x0c300000..0x0cffffff -> 0x0c300000
[    1.540403] pci-msm 600000.qcom,pcie: PCI host bridge to bus 0000:00
[    1.540442] pci_bus 0000:00: root bus resource [bus 00-ff]
[    1.540478] pci_bus 0000:00: root bus resource [io  0x0000-0xfffff] (bus address [0xc200000-0xc2fffff])
[    1.540507] pci_bus 0000:00: root bus resource [mem 0x0c300000-0x0cffffff]
[    1.540593] pci 0000:00:00.0: [17cb:0104] type 01 class 0x060400
[    1.540694] pci 0000:00:00.0: reg 0x10: [mem 0x00000000-0x00000fff 64bit]
[    1.540851] pci 0000:00:00.0: PME# supported from D0 D3hot D3cold
[    1.541363] iommu: Adding device 0000:00:00.0 to group 9
[    1.541519] pci 0000:00:00.0: bridge configuration invalid ([bus 00-00]), reconfiguring
[    1.541883] pci 0000:01:00.0: [168c:003e] type 00 class 0x028000
[    1.542038] pci 0000:01:00.0: reg 0x10: [mem 0x00000000-0x001fffff 64bit]
[    1.542400] pci 0000:01:00.0: PME# supported from D0 D3hot D3cold
[    1.543951] iommu: Adding device 0000:01:00.0 to group 10
[    1.544051] pci_bus 0000:01: busn_res: [bus 01-ff] end is updated to 01
[    1.544221] pci 0000:00:00.0: BAR 8: assigned [mem 0x0c400000-0x0c5fffff]
[    1.544259] pci 0000:00:00.0: BAR 0: assigned [mem 0x0c300000-0x0c300fff 64bit]
[    1.544380] pci 0000:01:00.0: BAR 0: assigned [mem 0x0c400000-0x0c5fffff 64bit]
[    1.544622] pci 0000:00:00.0: PCI bridge to [bus 01]
[    1.544718] pci 0000:00:00.0:   bridge window [mem 0x0c400000-0x0c5fffff]
[    1.546626] scsi 0:0:0:3: Direct-Access     TOSHIBA  THGBF7T0L8LBATAB 0400 PQ: 0 ANSI: 6
[    1.548868] scsi 0:0:0:4: Direct-Access     TOSHIBA  THGBF7T0L8LBATAB 0400 PQ: 0 ANSI: 6
[    1.551585] cnss soc:qcom,cnss: for AR6320 segments only will be dumped.
[    1.551735] scsi 0:0:0:5: Direct-Access     TOSHIBA  THGBF7T0L8LBATAB 0400 PQ: 0 ANSI: 6
[    1.595924] sdb: sdb1
[    1.597039] sdf: sdf1 sdf2 sdf3 sdf4 sdf5 sdf6
[    1.610574] power_supply dpdm: driver failed to report `dp_dm' property: -22
[    1.610594] sdc: sdc1
[    1.614912] sdd: sdd1 sdd2 sdd3 sdd4 sdd5
[    1.615703] GPT:partition_entry_array_crc32 values don't match: 0xc092dac3 != 0x3c71f27d
[    1.615726] GPT: Use GNU Parted to correct GPT errors.
[    1.615823] sde: sde1 sde2 sde3 sde4 sde5 sde6 sde7 sde8 sde9 sde10 sde11 sde12 sde13 sde14 sde15 sde16 sde17 sde18 sde19 sde20 sde21 sde22 sde23 sde24 sde25 sde26 sde27 sde28 sde29 sde30 sde31 sde32 sde33 sde34 sde35 sde36 sde37 sde38 sde39 sde40
[    1.616119] GPT:partition_entry_array_crc32 values don't match: 0x97b32ad4 != 0x245a2965
[    1.616135] GPT: Use GNU Parted to correct GPT errors.
[    1.616206] sda: sda1 sda2 sda3 sda4 sda5 sda6 sda7 sda8 sda9 sda10 sda11 sda12 sda13 sda14 sda15 sda16 sda17 sda18 sda19
[    1.639107] msm-dwc3 6a00000.ssusb: unable to get dbm device
[    1.646225] usbcore: registered new interface driver usb-storage
[    1.651164] usb_qcrndis_init: failed to register diag -17
[    1.913104] synaptics_rmi4_f12_init 2844: fhandler->full_addr.query_base = 0x004c
[    1.913148] synaptics_rmi4_f12_init 2845: fhandler->full_addr.ctrl_base = 0x0013
[    1.913171] synaptics_rmi4_f12_init 2846: size_of_query5 = 9
[    1.913192] synaptics_rmi4_f12_init 2852: size_of_query5 = 9
[    1.929615] input: synaptics_dsx as /devices/soc/75ba000.i2c/i2c-12/12-0020/input/input1
[    1.930777] synaptics_dsi_force 12-0020: chip info: 0x53 0x33 0x33 0x33 0x31 0x00 0x00 0x00
[    1.946201] qcom,qpnp-rtc 400f000.qcom,spmi:qcom,pm8994@0:qcom,pm8994_rtc: rtc core: registered qpnp_rtc as rtc0
[    1.948933] i2c /dev entries driver
[    1.952285] synaptics_rmi4_fwu_init: fwu->in_ub_mode = 0
[    1.956320] sps: BAM device 0x0000000007584000 is not registered yet.
[    1.956460] sps:BAM 0x0000000007584000 is registered.
[    1.956887] sps:BAM 0x0000000007584000 (va:0xffffff800bfc0000) enabled: ver:0x19, number of pipes:24
[    1.961406] lirc_dev: IR Remote Control driver registered, major 232 
[    1.961444] IR LIRC bridge handler initialized
[    1.967383] iommu: Adding device soc:qcom,cam_smmu:msm_cam_smmu_cb1 to group 11
[    1.968201] CAM-SMMU cam_smmu_populate_sids:2331 __debug cnt = 8, cb->name: :vfe sid [0] = 0
[    1.968224] CAM-SMMU cam_smmu_populate_sids:2331 __debug cnt = 8, cb->name: :vfe sid [1] = 1
[    1.968243] CAM-SMMU cam_smmu_populate_sids:2331 __debug cnt = 8, cb->name: :vfe sid [2] = 2
[    1.968261] CAM-SMMU cam_smmu_populate_sids:2331 __debug cnt = 8, cb->name: :vfe sid [3] = 3
[    1.969491] iommu: Adding device soc:qcom,cam_smmu:msm_cam_smmu_cb3 to group 12
[    1.970506] CAM-SMMU cam_smmu_populate_sids:2331 __debug cnt = 2, cb->name: :cpp sid [0] = 0
[    1.971924] iommu: Adding device soc:qcom,cam_smmu:msm_cam_smmu_cb4 to group 13
[    1.972826] CAM-SMMU cam_smmu_populate_sids:2331 __debug cnt = 2, cb->name: :camera_fd sid [0] = 1
[    1.974181] iommu: Adding device soc:qcom,cam_smmu:msm_cam_smmu_cb5 to group 14
[    1.975236] synaptics_dsi_force 12-0020: fwu_read_f34_guest_serialization_partition: Lockdown info: 0x31 0x31 0x32 0x5 0x41 0x37 0x31 0x0
[    1.975248] CAM-SMMU cam_smmu_populate_sids:2331 __debug cnt = 2, cb->name: :jpeg_enc0 sid [0] = 0
[    1.976767] iommu: Adding device soc:qcom,cam_smmu:msm_cam_smmu_cb6 to group 15
[    1.977810] CAM-SMMU cam_smmu_populate_sids:2331 __debug cnt = 2, cb->name: :jpeg_dma sid [0] = 1
[    1.979219] iommu: Adding device soc:qcom,cam_smmu:msm_cam_smmu_cb7 to group 16
[    1.980364] CAM-SMMU cam_smmu_populate_sids:2331 __debug cnt = 2, cb->name: :jpeg_dec sid [0] = 2
[    1.990527] synaptics_dsi_force 12-0020: fwu_get_firmware_name: Choose firmware synaptics_jdi_3331_a7.fw
[    1.990629] synaptics_dsi_force 12-0020: fwu_start_reflash: Start of reflash process
[    1.993605] synaptics_dsi_force 12-0020: fwu_go_nogo: Device firmware ID = 2521929
[    1.993638] synaptics_dsi_force 12-0020: fwu_go_nogo: Image firmware ID = 2521929
[    1.994656] synaptics_dsi_force 12-0020: fwu_go_nogo: No need to do reflash
[    1.994682] fwu_start_reflash: End of reflash process
[    2.040725] msm_actuator_platform_probe:2113 msm_actuator_platform_probe: No/Error Actuator GPIOs
[    2.040987] msm_actuator_platform_probe:2113 msm_actuator_platform_probe: No/Error Actuator GPIOs
[    2.044425] not config xiaomi,read-vendor-id rc -22
[    2.051293] gdsc_camss_top: supplied by gdsc_mmagic_camss
[    2.051499] msm_cci_init:1436: hw_version = 0x10040000
[    2.051808] qcom,slave-addr = 0xA0
[    2.072403] a7 back sensor name = imx378_liteon, line = 270
[    2.077048] not config xiaomi,read-vendor-id rc -22
[    2.120617] msm_cci_init:1436: hw_version = 0x10040000
[    2.172822] write the ov4688 reg when read the OTP, data = 0xd3
[    2.202079] write the ov4688 reg when read the OTP, data = 0xf3
[    2.204375] checksum sucessfull
[    2.278439] gdsc_cpp: supplied by gdsc_camss_top
[    2.283037] MSM-CPP cpp_init_hardware:1141 CPP HW Version: 0x60000000
[    2.283092] MSM-CPP cpp_init_hardware:1159 stream_cnt:0
[    2.283770] MSM-CPP cpp_release_hardware:1222 cpp hw release done
[    2.289779] gdsc_vfe0: supplied by gdsc_camss_top
[    2.298644] gdsc_vfe1: supplied by gdsc_camss_top
[    2.339578] __msm_jpeg_init:1577] Jpeg Device id 0
[    2.343026] gdsc_jpeg: supplied by gdsc_camss_top
[    2.343743] __msm_jpeg_init:1577] Jpeg Device id 2
[    2.347086] __msm_jpeg_init:1577] Jpeg Device id 3
[    2.355581] gdsc_fd: supplied by gdsc_camss_top
[    2.360486] msm_fd_hw_set_dt_parms_by_name: Error property does not exist
[    2.460134] msm_fd aa4000.qcom,fd: Face detection halt timeout
[    2.481115] iommu: Adding device c00000.qcom,vidc:non_secure_cb to group 17
[    2.492040] iommu: Adding device c00000.qcom,vidc:firmware_cb to group 18
[    2.494131] iommu: Adding device c00000.qcom,vidc:secure_bitstream_cb to group 19
[    2.501393] iommu: Adding device c00000.qcom,vidc:secure_pixel_cb to group 20
[    2.506494] iommu: Adding device c00000.qcom,vidc:secure_non_pixel_cb to group 21
[    2.520994] msm_vidc_vmem: Up and running with 4 banks of memory from [dma size 270711226825 disabled]
[    2.521028] Failed to create '<debugfs>/vmem'
[    2.526482] FG: fg_check_ima_exception: Initial ima_err_sts=0 ima_exp_sts=0 ima_hw_sts=cc
[    2.529328] thermal thermal_zone0: failed to read out thermal zone (-19)
[    2.529399] FG: fg_probe: FG Probe success - FG Revision DIG:3.1 ANA:1.2 PMIC subtype=19
[    2.531736] smb1351_parallel_charger_probe: smb1351 parallel successfully probed.
[    2.541066] smb1351_is_usb_present: USB psy not found
[    2.572426] tsens_debugfs_init: Error creating TSENS directory
[    2.572460] lmh_interface:lmh_mon_init_driver Error creating debugfs dir:lmh_monitor. err:-19
[    2.572688] device-mapper: uevent: version 1.0.3
[    2.572966] device-mapper: ioctl: 4.34.0-ioctl (2015-10-28) initialised: dm-devel@redhat.com
[    2.574169] device-mapper: req-crypt: dm-req-crypt successfully initalized.\x0a
[    2.576851] bt_power vendor:bt_qca6174: no qca,bt-vdd-core-voltage-level property
[    2.577296] bt_power vendor:bt_qca6174: no qca,bt-vdd-pa-voltage-level property
[    2.577314] bt_dt_parse_vreg_info: qca,bt-vdd-ldo: is not provided in device tree
[    2.577324] bt_dt_parse_vreg_info: qca,bt-chip-pwd: is not provided in device tree
[    2.606356] lp5562 9-0030: internal clock used
[    2.628631] usbcore: registered new interface driver usbhid
[    2.628671] usbhid: USB HID core driver
[    2.629081] ashmem: initialized
[    2.629995] qpnp_coincell_charger_show_state: enabled=Y, voltage=3200 mV, resistance=2100 ohm
[    2.642688] bimc-bwmon 408000.qcom,cpu-bwmon: BW HWmon governor registered.
[    2.650348] arm-memlat-mon soc:qcom,arm-memlat-mon-0: Memory Latency governor registered.
[    2.650700] arm-memlat-mon soc:qcom,arm-memlat-mon-2: Memory Latency governor registered.
[    2.655926] m4m-hwmon 6530000.qcom,m4m-hwmon: Cache HWmon governor registered.
[    2.668924] kryo perfevents: CPU pmu for kryo-pmuv3 detected
[    2.669229] hw perfevents: enabled with qcom,kryo-pmuv3 PMU driver, 9 counters available
[    2.685635] tfa98xx_i2c_init(): TFA98XX driver version v6.7.1
[    2.686108] tfa98xx_i2c_probe(): addr=0x34
[    2.689065] tfa98xx_i2c_probe(): TFA9891 detected
[    2.689130] tfa98xx 9-0034: Skipping IRQ registration
[    2.689160] tfa98xx_i2c_probe(): tfa98xx_i2c_probe Probe completed successfully!
[    2.723023] msm-dai-tdm soc:qcom,msm-dai-tdm-pri-rx: msm_dai_tdm_q6_probe: dev_name: soc:qcom,msm-dai-tdm-pri-rx group_id: 0x9100
[    2.724825] msm-dai-tdm soc:qcom,msm-dai-tdm-pri-tx: msm_dai_tdm_q6_probe: dev_name: soc:qcom,msm-dai-tdm-pri-tx group_id: 0x9101
[    2.726414] msm-dai-tdm soc:qcom,msm-dai-tdm-sec-rx: msm_dai_tdm_q6_probe: dev_name: soc:qcom,msm-dai-tdm-sec-rx group_id: 0x9110
[    2.728024] msm-dai-tdm soc:qcom,msm-dai-tdm-sec-tx: msm_dai_tdm_q6_probe: dev_name: soc:qcom,msm-dai-tdm-sec-tx group_id: 0x9111
[    2.729613] msm-dai-tdm soc:qcom,msm-dai-tdm-tert-rx: msm_dai_tdm_q6_probe: dev_name: soc:qcom,msm-dai-tdm-tert-rx group_id: 0x9120
[    2.731679] msm-dai-tdm soc:qcom,msm-dai-tdm-tert-tx: msm_dai_tdm_q6_probe: dev_name: soc:qcom,msm-dai-tdm-tert-tx group_id: 0x9121
[    2.733294] msm-dai-tdm soc:qcom,msm-dai-tdm-quat-rx: msm_dai_tdm_q6_probe: dev_name: soc:qcom,msm-dai-tdm-quat-rx group_id: 0x9130
[    2.734871] msm-dai-tdm soc:qcom,msm-dai-tdm-quat-tx: msm_dai_tdm_q6_probe: dev_name: soc:qcom,msm-dai-tdm-quat-tx group_id: 0x9131
[    2.770006] GACT probability NOT on
[    2.770056] Mirror/redirect action on
[    2.770065] u32 classifier
[    2.770069] Actions configured
[    2.770078] Netfilter messages via NETLINK v0.30.
[    2.770111] nf_conntrack version 0.5.0 (16384 buckets, 65536 max)
[    2.770289] ctnetlink v0.93: registering with nfnetlink.
[    2.770556] xt_time: kernel timezone is -0000
[    2.770609] gre: GRE over IPv4 demultiplexor driver
[    2.770614] IPv4 over IPsec tunneling driver
[    2.771030] ip_tables: (C) 2000-2006 Netfilter Core Team
[    2.771178] arp_tables: (C) 2002 David S. Miller
[    2.771336] Initializing XFRM netlink socket
[    2.771669] NET: Registered protocol family 10
[    2.772221] mip6: Mobile IPv6
[    2.772244] ip6_tables: (C) 2000-2006 Netfilter Core Team
[    2.772934] sit: IPv6 over IPv4 tunneling driver
[    2.773462] NET: Registered protocol family 17
[    2.773483] NET: Registered protocol family 15
[    2.773502] bridge: automatic filtering via arp/ip/ip6tables has been deprecated. Update your scripts to load br_netfilter if you need this.
[    2.773508] Ebtables v2.0 registered
[    2.773620] l2tp_core: L2TP core driver, V2.0
[    2.773631] l2tp_ppp: PPPoL2TP kernel driver, V2.0
[    2.773635] l2tp_ip: L2TP IP encapsulation support (L2TPv3)
[    2.773648] l2tp_netlink: L2TP netlink interface
[    2.773674] l2tp_eth: L2TP ethernet pseudowire support (L2TPv3)
[    2.773679] l2tp_ip6: L2TP IP encapsulation support for IPv6 (L2TPv3)
[    2.773716] sctp: Hash tables configured (established 256 bind 256)
[    2.774939] NET: Registered protocol family 27
[    2.781937] subsys-pil-tz 9300000.qcom,lpass: for adsp segments only will be dumped.
[    2.783797] subsys-pil-tz 1c00000.qcom,ssc: for slpi segments only will be dumped.
[    2.785668] pil-q6v5-mss 2080000.qcom,mss: No pas_id found.
[    2.786558] pil-q6v5-mss 2080000.qcom,mss: for modem segments only will be dumped.
[    2.786633] pil-q6v5-mss 2080000.qcom,mss: for md_modem segments only will be dumped.
[    2.790623] sps:BAM 0x0000000006b04000 is registered.
[    2.791595] Invalid index Defaulting curr to 0
[    2.811498] SMBCHG: smbchg_hvdcp_enable_cb: smbchg_hvdcp_enable_cb HVDCP enabled
[    2.843537] thermal thermal_zone28: failed to read out thermal zone (-19)
[    2.855707] qpnp-smbcharger 400f000.qcom,spmi:qcom,pmi8994@2:qcom,qpnp-smbcharger: SMBCHG successfully probe Charger version=SCHG Revision DIG:2.0 ANA:2.1 batt=1 dc=0 usb=0
[    2.877962] sps:BAM 0x0000000006b04000 is registered.
[    2.888185] Registered cp15_barrier emulation handler
[    2.888246] Registered setend emulation handler
[    2.888846] registered taskstats version 1
[    2.890131] Key type encrypted registered
[    2.897106] fastrpc soc:qcom,msm-adsprpc-mem: for adsp_rh segments only will be dumped.
[    2.897386] ADSPRPC: gcinfo[0].heap_vmid 6
[    2.898381] iommu: Adding device soc:qcom,msm_fastrpc:qcom,msm_fastrpc_compute_cb1 to group 22
[    2.903648] iommu: Adding device soc:qcom,msm_fastrpc:qcom,msm_fastrpc_compute_cb2 to group 23
[    2.907593] iommu: Adding device soc:qcom,msm_fastrpc:qcom,msm_fastrpc_compute_cb3 to group 24
[    2.911563] iommu: Adding device soc:qcom,msm_fastrpc:qcom,msm_fastrpc_compute_cb4 to group 25
[    2.915865] iommu: Adding device soc:qcom,msm_fastrpc:qcom,msm_fastrpc_compute_cb5 to group 26
[    2.920703] iommu: Adding device soc:qcom,msm_fastrpc:qcom,msm_fastrpc_compute_cb6 to group 27
[    2.924409] iommu: Adding device soc:qcom,msm_fastrpc:qcom,msm_fastrpc_compute_cb7 to group 28
[    2.928052] iommu: Adding device soc:qcom,msm_fastrpc:qcom,msm_fastrpc_compute_cb8 to group 29
[    2.977620] msm-usb-ssphy-qmp 7410000.ssphy: QMP PHY initialization timeout
[    2.977669] msm-usb-ssphy-qmp 7410000.ssphy: USB3_PHY_PCS_STATUS:69696969
[    2.981718] RNDIS_IPA module is loaded.
[    2.985528] input: gpio-keys as /devices/soc/soc:gpio_keys/input/input2
[    2.987925] atmel_mxt_ts 12-004a: ATMEL DEVICE TREE:
[    2.987960] atmel_mxt_ts 12-004a: reset gpio= 89
[    2.987977] atmel_mxt_ts 12-004a: irq gpio= 125
[    2.987993] atmel_mxt_ts 12-004a: fw name = mXT641T30AC.fw
[    2.988009] atmel_mxt_ts 12-004a: config size = 4
[    2.988025] atmel_mxt_ts 12-004a: gpio mask = 0xc
[    2.988040] atmel_mxt_ts 12-004a: default config = 0
[    2.988056] atmel_mxt_ts 12-004a: default panel id = 49
[    2.988070] atmel_mxt_ts 12-004a: use ptc key = 0
[    2.988084] atmel_mxt_ts 12-004a: cut off power = 0
[    2.988100] atmel_mxt_ts 12-004a: config[0]: family_id = 0xa4
[    2.988115] atmel_mxt_ts 12-004a: config[0]: variant_id = 0x2f
[    2.988130] atmel_mxt_ts 12-004a: config[0]: version = 0x30
[    2.988146] atmel_mxt_ts 12-004a: config[0]: build = 0xac
[    2.988162] atmel_mxt_ts 12-004a: config[0]: mxt_cfg_name = mxt_641t_sharp_config.fw
[    2.988177] atmel_mxt_ts 12-004a: config[0]: vendor_id = 0xc
[    2.988192] atmel_mxt_ts 12-004a: config[0]: panel_id = 0x38
[    2.988207] atmel_mxt_ts 12-004a: config[0]: rev_id = 0x32
[    2.988222] atmel_mxt_ts 12-004a: config[0]: wakeup self adcx = 0x10
[    2.988237] atmel_mxt_ts 12-004a: config[1]: family_id = 0xa4
[    2.988251] atmel_mxt_ts 12-004a: config[1]: variant_id = 0x2f
[    2.988266] atmel_mxt_ts 12-004a: config[1]: version = 0x30
[    2.988280] atmel_mxt_ts 12-004a: config[1]: build = 0xac
[    2.988295] atmel_mxt_ts 12-004a: config[1]: mxt_cfg_name = mxt_641t_sharp_config.fw
[    2.988310] atmel_mxt_ts 12-004a: config[1]: vendor_id = 0xc
[    2.988325] atmel_mxt_ts 12-004a: config[1]: panel_id = 0x31
[    2.988339] atmel_mxt_ts 12-004a: config[1]: rev_id = 0x32
[    2.988355] atmel_mxt_ts 12-004a: config[1]: wakeup self adcx = 0x10
[    2.988370] atmel_mxt_ts 12-004a: config[2]: family_id = 0xa4
[    2.988385] atmel_mxt_ts 12-004a: config[2]: variant_id = 0x2f
[    2.988400] atmel_mxt_ts 12-004a: config[2]: version = 0x30
[    2.988415] atmel_mxt_ts 12-004a: config[2]: build = 0xac
[    2.988430] atmel_mxt_ts 12-004a: config[2]: mxt_cfg_name = mxt_641t_sharp_config.fw
[    2.988445] atmel_mxt_ts 12-004a: config[2]: vendor_id = 0xc
[    2.988460] atmel_mxt_ts 12-004a: config[2]: panel_id = 0x51
[    2.988474] atmel_mxt_ts 12-004a: config[2]: rev_id = 0x32
[    2.988489] atmel_mxt_ts 12-004a: config[2]: wakeup self adcx = 0x10
[    2.988504] atmel_mxt_ts 12-004a: config[3]: family_id = 0xa4
[    2.988518] atmel_mxt_ts 12-004a: config[3]: variant_id = 0x2f
[    2.988533] atmel_mxt_ts 12-004a: config[3]: version = 0x30
[    2.988547] atmel_mxt_ts 12-004a: config[3]: build = 0xac
[    2.988562] atmel_mxt_ts 12-004a: config[3]: mxt_cfg_name = mxt_641t_sharp_config.fw
[    2.988577] atmel_mxt_ts 12-004a: config[3]: vendor_id = 0xc
[    2.988591] atmel_mxt_ts 12-004a: config[3]: panel_id = 0x52
[    2.988606] atmel_mxt_ts 12-004a: config[3]: rev_id = 0x32
[    2.988620] atmel_mxt_ts 12-004a: config[3]: wakeup self adcx = 0x10
[    2.988634] atmel_mxt_ts 12-004a: END OF ATMEL DEVICE TREE
[    2.990491] msm8996-pinctrl 1010000.pinctrl: pin GPIO_89 already requested by 12-0020; cannot claim for 12-004a
[    2.990523] msm8996-pinctrl 1010000.pinctrl: pin-89 (12-004a) status -22
[    2.990544] msm8996-pinctrl 1010000.pinctrl: could not request pin 89 (GPIO_89) from group gpio89  on device 1010000.pinctrl
[    2.990562] atmel_mxt_ts 12-004a: Error applying setting, reverse things back
[    2.990578] atmel_mxt_ts 12-004a: can not set pmx_ts_active pins
[    2.990593] atmel_mxt_ts 12-004a: pinctrl_select failed
[    2.990717] atmel_mxt_ts: probe of 12-004a failed with error -22
[    2.990948] qcom,qpnp-rtc 400f000.qcom,spmi:qcom,pm8994@0:qcom,pm8994_rtc: setting system clock to 1971-05-07 08:42:51 UTC (42453771)
[    2.993023] pwm-ir soc:pwm_ir: reg-id = (null), low-active = 0, use-timer = 0
[    2.993661] IR keymap rc-lirc not found
[    2.993677] Registered IR keymap rc-empty
[    2.994134] input: pwm-ir as /devices/soc/soc:pwm_ir/rc/rc0/input3
[    2.994304] rc0: pwm-ir as /devices/soc/soc:pwm_ir/rc/rc0
[    2.994773] rc rc0: lirc_dev: driver ir-lirc-codec (pwm-ir) registered at minor = 0
[    3.009559] msm_thermal:create_thermal_debugfs Error creating debugfs dir:msm_thermal. err:-19
[    3.011380] parse_cpu_levels: idx 1 545
[    3.011404] parse_cpu_levels: idx 2 6022
[    3.011415] parse_cpu_levels: idx 2 11499
[    3.011543] parse_cpu_levels: idx 1 545
[    3.011553] parse_cpu_levels: idx 2 6022
[    3.011563] parse_cpu_levels: idx 2 11499
[    3.016557] qcom,qpnp-flash-led 400f000.qcom,spmi:qcom,pmi8994@3:qcom,leds@d300: Unable to acquire pinctrl
[    3.021602] ipa-wan ipa_wwan_init:3288 Registering for q6_cleanup_cb
[    3.021626] ipa register_ipa_platform_cb:2210 In register_ipa_platform_cb
[    3.021636] ipa register_ipa_platform_cb:2213 reg q6_cleanup_cb
[    3.022448] rmnet_ipa started initialization
[    3.022468] IPA SSR support = True
[    3.022478] IPA ipa-loaduC = True
[    3.022487] IPA SG support = True
[    3.022496] IPA Napi Enable = False
[    3.022506] using default for wan-rx-desc-size = 1024
[    3.026658] ipa ipa_sps_irq_control_all:963 EP (5) not allocated.
[    3.026679] ipa ipa2_uc_state_check:301 uC is not loaded
[    3.028036] rmnet_ipa completed initialization
[    3.031889] qcom,cc-debug-8996 362000.qcom,cc-debug: Registered debug mux.
[    3.040391] msm-dwc3 6a00000.ssusb: DWC3 exited from low power mode
[    3.040692] msm-dwc3 6a00000.ssusb: DWC3 in low power mode
[    3.050905] msm8996-asoc-snd soc:sound-9335: msm8996_init_pa_dev: PA dev node is not present
[    3.050926] msm8996-asoc-snd soc:sound-9335: msm8996_init_piezo_dev: PA dev node is not present
[    3.052163] apc0_pwrcl_mem_acc_corner: disabling
[    3.052180] apc1_perfcl_mem_acc_corner: disabling
[    3.052187] apcc_l3_mem_acc_corner: disabling
[    3.052195] gfx_mem_acc_corner: disabling
[    3.052202] kryo0-retention: disabling
[    3.052211] kryo1-retention: disabling
[    3.052308] gdsc_mmagic_bimc: disabling
[    3.052315] usb_otg_vreg: disabling
[    3.052323] rome_vreg: disabling
[    3.052330] wlan_en_vreg: disabling
[    3.052338] disp_vddr_vreg: disabling
[    3.052458] regulator_proxy_consumer_remove_all: removing regulator proxy consumer requests
[    3.052783] clock_late_init: Removing enables held for handed-off clocks
[    3.058315] ALSA device list:
[    3.058330] No soundcards found.
[    3.058409] Warning: unable to open an initial console.
[    3.059000] Freeing unused kernel memory: 2048K
[    3.191643] init: init first stage started!
[    3.193809] init: [libfs_mgr]dt_fstab: Using a specified mount point /system_root for system
[    3.195758] init: Using Android DT directory /proc/device-tree/firmware/android/
[    3.197211] init: [libfs_mgr]dt_fstab: Using a specified mount point /system_root for system
[    3.199237] init: [libfs_mgr]ReadDefaultFstab(): failed to find device default fstab
[    3.330150] init: [libfs_mgr]superblock s_max_mnt_count:65535,/dev/block/platform/soc/624000.ufshc/by-name/system
[    3.332801] EXT4-fs (sde39): mounted filesystem without journal. Opts: barrier=1,discard
[    3.332844] init: [libfs_mgr]__mount(source=/dev/block/platform/soc/624000.ufshc/by-name/system,target=/system_root,type=ext4)=0: Success
[    3.333346] init: [libfs_mgr]superblock s_max_mnt_count:65535,/dev/block/platform/soc/624000.ufshc/by-name/cust
[    3.333412] init: [libfs_mgr]Filesystem on /dev/block/platform/soc/624000.ufshc/by-name/cust was not cleanly shutdown; state flags: 0x0, incompat feature flags: 0x42
[    3.334191] init: [libfs_mgr]check_fs(): mount(/dev/block/platform/soc/624000.ufshc/by-name/cust,/vendor,ext4)=-1: No such file or directory
[    3.334280] init: [libfs_mgr]Not running /system/bin/e2fsck on /dev/block/sde38 (executable not in system image)
[    3.336836] EXT4-fs (sde38): mounted filesystem without journal. Opts: barrier=1,discard
[    3.336869] init: [libfs_mgr]__mount(source=/dev/block/platform/soc/624000.ufshc/by-name/cust,target=/vendor,type=ext4)=0: Success
[    3.337196] init: Could not get mount point for '/' in /proc/mounts, /system will not be available for overlayfs
[    3.337428] init: Skipped setting INIT_AVB_VERSION (not in recovery mode)
[    3.368926] EXT4-fs (sda12): warning: maximal mount count reached, running e2fsck is recommended
[    3.373759] EXT4-fs (sda12): mounted filesystem with ordered data mode. Opts: (null)
[    5.441945] init: Loading SELinux policy
[    5.454669] SELinux: 65536 avtab hash slots, 264265 rules.
[    5.558843] SELinux: 65536 avtab hash slots, 264265 rules.
[    5.558864] SELinux:  1 users, 4 roles, 2242 types, 0 bools, 1 sens, 1024 cats
[    5.558869] SELinux:  97 classes, 264265 rules
[    5.560476] SELinux:  Permission nlmsg_readpriv in class netlink_route_socket not defined in policy.
[    5.560545] SELinux: the above unknown classes and permissions will be denied
[    5.560566] SELinux:  Completing initialization.
[    5.560568] SELinux:  Setting up existing superblocks.
[    5.575785] selinux: SELinux: Loaded policy from /sbin/.se\x0a
[    5.586040] selinux: SELinux: Loaded file_contexts\x0a
[    5.611040] init: init second stage started!
[    5.639321] init: Using Android DT directory /proc/device-tree/firmware/android/
[    5.644810] selinux: SELinux: Loaded file_contexts\x0a
[    5.644849] init: Running restorecon...
[    5.663882] init: Overriding previous 'ro.' property 'ro.adb.secure':'1' with new value '0'
[    5.668342] init: Overriding previous 'ro.' property 'ro.control_privapp_permissions':'disable' with new value 'enforce'
[    5.670309] init: Overriding previous 'ro.' property 'ro.apex.updatable':'true' with new value 'false'
[    5.670466] init: Couldn't load property file '/product_services/build.prop': open() failed: No such file or directory: No such file or directory
[    5.670500] init: Couldn't load property file '/factory/factory.prop': open() failed: No such file or directory: No such file or directory
[    5.672198] init: snet: Hiding sensitive props
[    5.715078] init: Created socket '/dev/socket/property_service', mode 666, user 0, group 0
[    5.722361] init: SetupMountNamespaces done
[    5.751220] init: Forked subcontext for 'u:r:vendor_init:s0' with pid 494
[    5.766613] init: Forked subcontext for 'u:r:vendor_init:s0' with pid 495
[    5.767109] init: Parsing file /init.rc...
[    5.768578] init: Added '/init.environ.rc' to import list
[    5.768729] init: Added '/init.usb.rc' to import list
[    5.768894] init: Added '/init.qcom.rc' to import list
[    5.768993] init: Added '/vendor/etc/init/hw/init.qcom.rc' to import list
[    5.769126] init: Added '/init.usb.configfs.rc' to import list
[    5.769235] init: Added '/init.zygote64_32.rc' to import list
[    5.777091] init: Parsing file /init.environ.rc...
[    5.779021] init: Parsing file /init.usb.rc...
[    5.781896] init: Parsing file /init.qcom.rc...
[    5.782034] init: Unable to read config file '/init.qcom.rc': open() failed: No such file or directory
[    5.783505] init: Parsing file /vendor/etc/init/hw/init.qcom.rc...
[    5.785126] init: Added '/vendor/etc/init/hw/init.qcom.usb.rc' to import list
[    5.785207] init: Added '/vendor/etc/init/hw/init.target.rc' to import list
[    5.785273] init: Added '/vendor/etc/init/hw/init.device.rc' to import list
[    5.798184] init: Parsing file /vendor/etc/init/hw/init.qcom.usb.rc...
[    5.812089] init: Parsing file /vendor/etc/init/hw/init.target.rc...
[    5.818163] init: Parsing file /vendor/etc/init/hw/init.device.rc...
[    5.822306] init: Parsing file /init.usb.configfs.rc...
[    5.824861] init: Parsing file /init.zygote64_32.rc...
[    5.825867] init: Parsing directory /system/etc/init...
[    5.827285] init: Parsing file /system/etc/init/adb_root.rc...
[    5.828183] init: Parsing file /system/etc/init/adbd.rc...
[    5.828948] init: Parsing file /system/etc/init/android.hardware.biometrics.fingerprint@2.1-service.oppo.rc...
[    5.829666] init: Parsing file /system/etc/init/android.hidl.allocator@1.0-service.rc...
[    5.830427] init: Parsing file /system/etc/init/android.system.suspend@1.0-service.rc...
[    5.831125] init: Parsing file /system/etc/init/apexd.rc...
[    5.831879] init: Parsing file /system/etc/init/art_apex_boot_integrity.rc...
[    5.832538] init: Parsing file /system/etc/init/ashmemd.rc...
[    5.833186] init: Parsing file /system/etc/init/atrace.rc...
[    5.835184] init: Parsing file /system/etc/init/atrace_userdebug.rc...
[    5.835925] init: Parsing file /system/etc/init/audioserver.rc...
[    5.836854] init: Parsing file /system/etc/init/blank_screen.rc...
[    5.837556] init: Parsing file /system/etc/init/bootanim.rc...
[    5.838253] init: Parsing file /system/etc/init/bootstat-debug.rc...
[    5.838843] init: Parsing file /system/etc/init/bootstat.rc...
[    5.839774] init: Parsing file /system/etc/init/bpfloader.rc...
[    5.840963] init: Parsing file /system/etc/init/cameraserver.rc...
[    5.841533] init: Parsing file /system/etc/init/cppreopts.rc...
[    5.842282] init: Parsing file /system/etc/init/drmserver.rc...
[    5.842855] init: Parsing file /system/etc/init/dumpstate.rc...
[    5.843509] init: Parsing file /system/etc/init/flags_health_check.rc...
[    5.844089] init: Parsing file /system/etc/init/gatekeeperd.rc...
[    5.844595] init: Parsing file /system/etc/init/gpuservice.rc...
[    5.845113] init: Parsing file /system/etc/init/gsid.rc...
[    5.845909] init: Parsing file /system/etc/init/havoc-adb.rc...
[    5.847163] init: Parsing file /system/etc/init/havoc-init.rc...
[    5.847885] init: Parsing file /system/etc/init/havoc-iosched.rc...
[    5.848793] init: Parsing file /system/etc/init/havoc-livedisplay.rc...
[    5.849451] init: Parsing file /system/etc/init/havoc-radio.rc...
[    5.849927] init: Parsing file /system/etc/init/havoc-ssh.rc...
[    5.850383] init: Parsing file /system/etc/init/havoc-system.rc...
[    5.850950] init: /system/etc/init/havoc-system.rc: 24: ignored duplicate definition of service 'bugreport'
[    5.850997] init: Parsing file /system/etc/init/havoc-updates.rc...
[    5.851486] init: Parsing file /system/etc/init/healthd.rc...
[    5.851965] init: Parsing file /system/etc/init/heapprofd.rc...
[    5.852574] init: Parsing file /system/etc/init/hwservicemanager.rc...
[    5.853100] init: Parsing file /system/etc/init/idmap2d.rc...
[    5.853624] init: Parsing file /system/etc/init/incidentd.rc...
[    5.854042] init: Parsing file /system/etc/init/init.gsi.rc...
[    5.854441] init: Parsing file /system/etc/init/init.legacy-gsi.rc...
[    5.854869] init: Added '/system/etc/init/gsi/init.vndk-29.rc' to import list
[    5.855295] init: Parsing file /system/etc/init/gsi/init.vndk-29.rc...
[    5.855376] init: Unable to read config file '/system/etc/init/gsi/init.vndk-29.rc': open() failed: No such file or directory
[    5.855419] init: Parsing file /system/etc/init/installd.rc...
[    5.856337] init: Parsing file /system/etc/init/iorapd.rc...
[    5.856864] init: Parsing file /system/etc/init/keystore.rc...
[    5.857379] init: Parsing file /system/etc/init/llkd-debuggable.rc...
[    5.858025] init: Parsing file /system/etc/init/llkd.rc...
[    5.858672] init: Parsing file /system/etc/init/lmkd.rc...
[    5.859182] init: Parsing file /system/etc/init/logd.rc...
[    5.859858] init: Parsing file /system/etc/init/lpdumpd.rc...
[    5.860662] init: Parsing file /system/etc/init/mdnsd.rc...
[    5.861116] init: Parsing file /system/etc/init/mediadrmserver.rc...
[    5.862158] init: Parsing file /system/etc/init/mediaextractor.rc...
[    5.863232] init: Parsing file /system/etc/init/mediametrics.rc...
[    5.863834] init: Parsing file /system/etc/init/mediaserver.rc...
[    5.864486] init: Parsing file /system/etc/init/mtk-sms-fwk-ready.rc...
[    5.864983] init: Parsing file /system/etc/init/mtpd.rc...
[    5.865541] init: Parsing file /system/etc/init/netd.rc...
[    5.866205] init: Parsing file /system/etc/init/otapreopt.rc...
[    5.866735] init: Parsing file /system/etc/init/perfetto.rc...
[    5.867609] init: Parsing file /system/etc/init/phh-remotectl.rc...
[    5.868209] init: Parsing file /system/etc/init/racoon.rc...
[    5.868820] init: Parsing file /system/etc/init/recovery-persist.rc...
[    5.869325] init: Parsing file /system/etc/init/recovery-refresh.rc...
[    5.869812] init: Parsing file /system/etc/init/rss_hwm_reset.rc...
[    5.870470] init: Parsing file /system/etc/init/servicemanager.rc...
[    5.871185] init: Parsing file /system/etc/init/statsd.rc...
[    5.871692] init: Parsing file /system/etc/init/storaged.rc...
[    5.872236] init: Parsing file /system/etc/init/surfaceflinger.rc...
[    5.872904] init: Parsing file /system/etc/init/tombstoned.rc...
[    5.873516] init: Parsing file /system/etc/init/traceur.rc...
[    5.873984] init: Parsing file /system/etc/init/twrp.rc...
[    5.874496] init: Parsing file /system/etc/init/uncrypt.rc...
[    5.875185] init: Parsing file /system/etc/init/update_engine.rc...
[    5.875827] init: Parsing file /system/etc/init/update_verifier.rc...
[    5.876449] init: Parsing file /system/etc/init/usbd.rc...
[    5.877012] init: Parsing file /system/etc/init/vdc.rc...
[    5.877508] init: Parsing file /system/etc/init/vndk.rc...
[    5.878444] init: Parsing file /system/etc/init/vold.rc...
[    5.879079] init: Parsing file /system/etc/init/vr_hwc.rc...
[    5.879734] init: Parsing file /system/etc/init/wait_for_keymaster.rc...
[    5.880375] init: Parsing file /system/etc/init/wifi-events.rc...
[    5.881230] init: Parsing file /system/etc/init/wificond.rc...
[    5.881986] init: Parsing file /product/etc/init...
[    5.882092] init: Unable to read config file '/product/etc/init': open() failed: No such file or directory
[    5.882167] init: Parsing file /product_services/etc/init...
[    5.882253] init: Unable to read config file '/product_services/etc/init': open() failed: No such file or directory
[    5.882369] init: Parsing file /odm/etc/init...
[    5.882469] init: Unable to read config file '/odm/etc/init': open() failed: No such file or directory
[    5.882559] init: Parsing directory /vendor/etc/init...
[    5.883781] init: Parsing file /vendor/etc/init/android.hardware.audio@2.0-service.rc...
[    5.885014] init: /vendor/etc/init/android.hardware.audio@2.0-service.rc: 13: Interface 'android.hardware.audio@4.0::IDevicesFactory/default' redefined in vendor.audio-hal-2-0 but is already defined by vendor.audio-hal-2-0
[    5.885366] init: /vendor/etc/init/android.hardware.audio@2.0-service.rc: 14: Interface 'android.hardware.audio@2.0::IDevicesFactory/default' redefined in vendor.audio-hal-2-0 but is already defined by vendor.audio-hal-2-0
[    5.885447] init: /vendor/etc/init/android.hardware.audio@2.0-service.rc: 1: ignored duplicate definition of service 'vendor.audio-hal-2-0'
[    5.885500] init: Parsing file /vendor/etc/init/android.hardware.bluetooth@1.0-service-qti.rc...
[    5.886346] init: Parsing file /vendor/etc/init/android.hardware.camera.provider@2.4-service.rc...
[    5.887421] init: Parsing file /vendor/etc/init/android.hardware.cas@1.1-service.rc...
[    5.888014] init: Parsing file /vendor/etc/init/android.hardware.configstore@1.1-service.rc...
[    5.888571] init: Parsing file /vendor/etc/init/android.hardware.drm@1.0-service.rc...
[    5.889502] init: Parsing file /vendor/etc/init/android.hardware.drm@1.2-service.clearkey.rc...
[    5.891140] init: Parsing file /vendor/etc/init/android.hardware.drm@1.2-service.widevine.rc...
[    5.893136] init: Parsing file /vendor/etc/init/android.hardware.gatekeeper@1.0-service-qti.rc...
[    5.893772] init: Parsing file /vendor/etc/init/android.hardware.gnss@2.0-service-qti.rc...
[    5.894378] init: Parsing file /vendor/etc/init/android.hardware.graphics.allocator@2.0-service.rc...
[    5.895210] init: Parsing file /vendor/etc/init/android.hardware.graphics.composer@2.1-service.rc...
[    5.895830] init: Parsing file /vendor/etc/init/android.hardware.health@2.0-service.rc...
[    5.896362] init: Parsing file /vendor/etc/init/android.hardware.keymaster@3.0-service-qti.rc...
[    5.896913] init: Parsing file /vendor/etc/init/android.hardware.light@2.0-service.xiaomi_8996.rc...
[    5.897657] init: Parsing file /vendor/etc/init/android.hardware.media.omx@1.0-service.rc...
[    5.898238] init: Parsing file /vendor/etc/init/android.hardware.memtrack@1.0-service.rc...
[    5.898776] init: Parsing file /vendor/etc/init/android.hardware.nfc@1.1-service.rc...
[    5.899320] init: Parsing file /vendor/etc/init/android.hardware.power@1.3-service.xiaomi-libperfmgr.rc...
[    5.901016] init: Parsing file /vendor/etc/init/android.hardware.sensors@1.0-service.rc...
[    5.901795] init: Parsing file /vendor/etc/init/android.hardware.thermal@1.0-service.rc...
[    5.902328] init: Parsing file /vendor/etc/init/android.hardware.usb@1.0-service.basic.rc...
[    5.902856] init: Parsing file /vendor/etc/init/android.hardware.vibrator@1.0-service.rc...
[    5.903410] init: Parsing file /vendor/etc/init/android.hardware.wifi@1.0-service.rc...
[    5.903911] init: Parsing file /vendor/etc/init/cnd.rc...
[    5.904420] init: Parsing file /vendor/etc/init/com.qualcomm.qti.wifidisplayhal@1.0-service.rc...
[    5.904952] init: Parsing file /vendor/etc/init/dataadpl.rc...
[    5.905548] init: Parsing file /vendor/etc/init/dataqti.rc...
[    5.906139] init: Parsing file /vendor/etc/init/dpmQmiMgr.rc...
[    5.906646] init: Parsing file /vendor/etc/init/hostapd.android.rc...
[    5.907688] init: Parsing file /vendor/etc/init/ipacm.rc...
[    5.908313] init: Parsing file /vendor/etc/init/netmgrd.rc...
[    5.909115] init: Parsing file /vendor/etc/init/rild.legacy.rc...
[    5.909653] init: Parsing file /vendor/etc/init/vendor.display.color@1.0-service.rc...
[    5.910206] init: Parsing file /vendor/etc/init/vendor.lineage.livedisplay@2.0-service-sdm.rc...
[    5.910730] init: Parsing file /vendor/etc/init/vendor.lineage.touch@1.0-service.xiaomi_8996.rc...
[    5.911282] init: Parsing file /vendor/etc/init/vendor.lineage.trust@1.0-service.rc...
[    5.911795] init: Parsing file /vendor/etc/init/vendor.qti.hardware.alarm@1.0-service.rc...
[    5.912462] init: Parsing file /vendor/etc/init/vendor.qti.hardware.cryptfshw@1.0-service-qti.qsee.rc...
[    5.912994] init: Parsing file /vendor/etc/init/vendor.qti.rmt_storage.rc...
[    5.913544] init: Parsing file /vendor/etc/init/vendor.qti.tftp.rc...
[    5.914053] init: Parsing file /vendor/etc/init/vndservicemanager.rc...
[    5.914566] init: Parsing file /vendor/etc/init/wifi-mac-generator.rc...
[    5.917220] init: processing action (SetupCgroups) from (<Builtin Action>:0)
[    5.957038] init: processing action (early-init) from (/init.rc:15)
[    5.969670] init: starting service 'ueventd'...
[    5.982660] init: starting service 'apexd-bootstrap'...
[    5.997464] init: SVC_EXEC service 'apexd-bootstrap' pid 497 (uid 0 gid 1000+0 context default) started; waiting...
[    6.021877] ueventd: ueventd started!
[    6.026072] selinux: SELinux: Loaded file_contexts\x0a
[    6.026295] ueventd: Parsing file /ueventd.rc...
[    6.027333] ueventd: Parsing file /vendor/ueventd.rc...
[    6.029687] ueventd: Parsing file /odm/ueventd.rc...
[    6.029733] ueventd: Unable to read config file '/odm/ueventd.rc': open() failed: No such file or directory
[    6.029761] ueventd: Parsing file /ueventd.qcom.rc...
[    6.029783] ueventd: Unable to read config file '/ueventd.qcom.rc': open() failed: No such file or directory
[    6.030899] ueventd: [libfs_mgr]dt_fstab: Using a specified mount point /system_root for system
[    6.033215] ueventd: Skip mounting partition: /product
[    6.033238] ueventd: Skip mounting partition: /product_services
[    6.033249] ueventd: Skip mounting partition: /oem
[    6.034341] ueventd: Skip mounting partition: /product
[    6.034363] ueventd: Skip mounting partition: /product_services
[    6.034375] ueventd: Skip mounting partition: /oem
[    6.034729] ueventd: Successfully opened uevent socket
[    6.039654] apexd: Bootstrap subcommand detected
[    6.048102] apexd: Scanning /system/apex for embedded keys
[    6.049373] apexd: Scanning /product/apex for embedded keys
[    6.049491] apexd: ... does not exist. Skipping
[    6.049622] apexd: Scanning /system/apex looking for APEX packages.
[    6.049816] apexd: Found /system/apex/com.android.conscrypt
[    6.050099] apexd: Skipped when bootstrapping
[    6.050205] apexd: Found /system/apex/com.android.apex.cts.shim.apex
[    6.050659] apexd: Skipping activation of non-flattened apex package /system/apex/com.android.apex.cts.shim.apex because device doesn't support it
[    6.050764] apexd: Found /system/apex/com.android.media
[    6.050974] apexd: Skipped when bootstrapping
[    6.051075] apexd: Found /system/apex/com.android.media.swcodec
[    6.051284] apexd: Skipped when bootstrapping
[    6.051384] apexd: Found /system/apex/com.android.runtime.release
[    6.051914] apexd: Successfully bind-mounted flattened package /system/apex/com.android.runtime.release on /apex/com.android.runtime@1
[    6.052114] apexd: Found /system/apex/com.android.tzdata
[    6.052749] apexd: Successfully bind-mounted flattened package /system/apex/com.android.tzdata on /apex/com.android.tzdata@290000000
[    6.052904] apexd: Found /system/apex/com.android.resolv
[    6.053122] apexd: Skipped when bootstrapping
[    6.053244] apexd: Activated 6 packages. Skipped: 1
[    6.053347] apexd: Bootstrapping done
[    6.061159] init: Service 'apexd-bootstrap' (pid 497) exited with status 0 waiting took 0.068000 seconds
[    6.062896] init: processing action (early-init) from (/init.environ.rc:2)
[    6.063625] init: processing action (early-init) from (/vendor/etc/init/hw/init.qcom.rc:32)
[    6.080645] of_batterydata_get_best_profile: a7_atl found
[    6.082038] init: starting service 'exec 1 (/vendor/bin/modprobe -a -d /vendor/lib/modules msm_11ad_proxy)'...
[    6.098146] init: SVC_EXEC service 'exec 1 (/vendor/bin/modprobe -a -d /vendor/lib/modules msm_11ad_proxy)' pid 499 (uid 0 gid 0+0 context u:r:vendor_modprobe:s0) started; waiting...
[    6.100874] FG: fg_batt_profile_init: Battery SOC: 45, V: 3691995uV
[    6.138283] power_supply dpdm: driver failed to report `dp_dm' property: -22
[    6.226714] init: Service 'exec 1 (/vendor/bin/modprobe -a -d /vendor/lib/modules msm_11ad_proxy)' (pid 499) exited with status 1 waiting took 0.129000 seconds
[    6.226889] init: processing action (wait_for_coldboot_done) from (<Builtin Action>:0)
[    8.168471] ueventd: Coldboot took 2.133 seconds
[    8.169190] init: wait for '/dev/.coldboot_done' took 1942ms
[    8.169606] init: Command 'wait_for_coldboot_done' action=wait_for_coldboot_done (<Builtin Action>:0) took 1942ms and succeeded
[    8.169682] init: processing action (MixHwrngIntoLinuxRng) from (<Builtin Action>:0)
[    8.170775] init: Mixed 512 bytes from /dev/hw_random into /dev/urandom
[    8.171121] init: processing action (SetMmapRndBits) from (<Builtin Action>:0)
[    8.172966] init: processing action (SetKptrRestrict) from (<Builtin Action>:0)
[    8.173275] init: processing action (KeychordInit) from (<Builtin Action>:0)
[    8.173503] init: EVIOCSMASK not supported: Invalid argument
[    8.240582] init: Command 'KeychordInit' action=KeychordInit (<Builtin Action>:0) took 67ms and succeeded
[    8.240862] init: processing action (console_init) from (<Builtin Action>:0)
[    8.241176] init: processing action (init) from (/init.rc:42)
[    8.286855] init: Command 'write /dev/blkio/blkio.group_idle 0' action=init (/init.rc:99) took 2ms and failed: Unable to write to file '/dev/blkio/blkio.group_idle': open() failed: Permission denied
[    8.289303] init: Command 'write /dev/blkio/background/blkio.group_idle 0' action=init (/init.rc:100) took 2ms and failed: Unable to write to file '/dev/blkio/background/blkio.group_idle': open() failed: Permission denied
[    8.342432] init: Command 'write /dev/cpuctl/cpu.rt_period_us 1000000' action=init (/init.rc:178) took 1ms and failed: Unable to write to file '/dev/cpuctl/cpu.rt_period_us': open() failed: Permission denied
[    8.343521] init: Command 'write /dev/cpuctl/cpu.rt_runtime_us 950000' action=init (/init.rc:179) took 0ms and failed: Unable to write to file '/dev/cpuctl/cpu.rt_runtime_us': open() failed: Permission denied
[    8.371042] Registered swp emulation handler
[    8.378738] init: starting service 'logd'...
[    8.387153] init: starting service 'servicemanager'...
[    8.392778] init: Created socket '/dev/socket/logd', mode 666, user 1036, group 1036
[    8.394422] init: starting service 'hwservicemanager'...
[    8.400425] init: Created socket '/dev/socket/logdr', mode 666, user 1036, group 1036
[    8.403020] init: Created socket '/dev/socket/logdw', mode 222, user 1036, group 1036
[    8.403355] init: starting service 'vndservicemanager'...
[    8.403356] init: Opened file '/proc/kmsg', flags 0
[    8.403399] init: Opened file '/dev/kmsg', flags 1
[    8.410208] init: processing action (init) from (/vendor/etc/init/hw/init.qcom.rc:51)
[    8.417441] init: processing action (init) from (/vendor/etc/init/hw/init.target.rc:29)
[    8.418521] init: processing action (init) from (/vendor/etc/init/hw/init.device.rc:1)
[    8.419464] init: processing action (init) from (/system/etc/init/audioserver.rc:20)
[    8.420465] init: processing action (init) from (/system/etc/init/havoc-iosched.rc:1)
[    8.423471] init: processing action (init) from (/system/etc/init/havoc-system.rc:2)
[    8.423531] init: processing action (init) from (/vendor/etc/init/android.hardware.light@2.0-service.xiaomi_8996.rc:1)
[    8.428958] init: processing action (StartBoringSslSelfTest) from (<Builtin Action>:0)
[    8.431775] init: processing action (MixHwrngIntoLinuxRng) from (<Builtin Action>:0)
[    8.432377] init: Mixed 512 bytes from /dev/hw_random into /dev/urandom
[    8.432459] init: processing action (InitBinder) from (<Builtin Action>:0)
[    8.432765] init: processing action (late-init) from (/init.rc:331)
[    8.432852] init: processing action (late-init) from (/system/etc/init/atrace.rc:3)
[    8.437827] init: processing action (queue_property_triggers) from (<Builtin Action>:0)
[    8.437930] init: processing action (early-fs) from (/init.rc:364)
[    8.438446] init: starting service 'vold'...
[    8.441849] init: processing action (fs) from (/vendor/etc/init/hw/init.device.rc:4)
[    8.442329] init: wait for '/dev/block/platform/soc/624000.ufshc' took 0ms
[    8.444134] logd: logd.daemon: failed to set AID_SYSTEM AID_PACKAGE_INFO groups
[    8.445262] logd.auditd: start
[    8.445530] init: Untracked pid 509 exited with status 0
[    8.448457] init: Skip mounting partition: /product
[    8.448484] init: Skip mounting partition: /product_services
[    8.448498] init: Skip mounting partition: /oem
[    8.449385] init: [libfs_mgr]Invalid f2fs superblock on '/dev/block/bootdevice/by-name/cache'
[    8.449908] init: [libfs_mgr]mount_with_alternatives(): skipping mount due to invalid magic, mountpoint=/cache blk_dev=/dev/block/sda14 rec[2].fs_type=f2fs
[    8.450340] init: [libfs_mgr]superblock s_max_mnt_count:10,/dev/block/bootdevice/by-name/cache
[    8.451658] EXT4-fs (sda14): Ignoring removed nomblk_io_submit option
[    8.454314] EXT4-fs (sda14): warning: maximal mount count reached, running e2fsck is recommended
[    8.458315] EXT4-fs (sda14): mounted filesystem with ordered data mode. Opts: errors=remount-ro,nomblk_io_submit
[    8.458484] init: [libfs_mgr]check_fs(): mount(/dev/block/bootdevice/by-name/cache,/cache,ext4)=0: Success
[    8.518650] init: [libfs_mgr]check_fs(): unmount(/cache) succeeded
[    8.518918] init: [libfs_mgr]Running /system/bin/e2fsck on /dev/block/sda14
[    8.618968] e2fsck: e2fsck 1.44.4 (18-Aug-2018)\x0a
[    8.618994] e2fsck: /dev/block/bootdevice/by-name/cache has been mounted 12 times without being checked, check forced.\x0a
[    8.619004] e2fsck: Pass 1: Checking inodes, blocks, and sizes\x0a
[    8.619013] e2fsck: Pass 2: Checking directory structure\x0a
[    8.619021] e2fsck: Pass 3: Checking directory connectivity\x0a
[    8.619030] e2fsck: Pass 4: Checking reference counts\x0a
[    8.619039] e2fsck: Pass 5: Checking group summary information\x0a
[    8.619047] e2fsck: /dev/block/bootdevice/by-name/cache: 32/16384 files (12.5% non-contiguous), 14843/65532 blocks\x0a
[    8.622215] EXT4-fs (sda14): mounted filesystem with ordered data mode. Opts: 
[    8.622556] init: [libfs_mgr]__mount(source=/dev/block/bootdevice/by-name/cache,target=/cache,type=ext4)=0: Success
[    8.622638] init: [libfs_mgr]mount_with_alternatives(): Mounted /dev/block/bootdevice/by-name/cache on /cache with fs_type=ext4 instead of f2fs
[    8.624206] init: [libfs_mgr]Invalid f2fs superblock on '/dev/block/bootdevice/by-name/userdata'
[    8.625293] init: [libfs_mgr]mount_with_alternatives(): skipping mount due to invalid magic, mountpoint=/data blk_dev=/dev/block/sda15 rec[4].fs_type=f2fs
[    8.625882] init: [libfs_mgr]superblock s_max_mnt_count:10,/dev/block/bootdevice/by-name/userdata
[    8.630826] EXT4-fs (sda15): Ignoring removed nomblk_io_submit option
[    8.639413] EXT4-fs (sda15): mounted filesystem with ordered data mode. Opts: errors=remount-ro,nomblk_io_submit
[    8.639592] init: [libfs_mgr]check_fs(): mount(/dev/block/bootdevice/by-name/userdata,/data,ext4)=0: Success
[    8.728977] init: [libfs_mgr]check_fs(): unmount(/data) succeeded
[    8.729769] init: [libfs_mgr]Running /system/bin/e2fsck on /dev/block/sda15
[   12.643000] e2fsck: e2fsck 1.44.4 (18-Aug-2018)\x0a
[   12.643035] e2fsck: /dev/block/bootdevice/by-name/userdata has been mounted 10 times without being checked, check forced.\x0a
[   12.643045] e2fsck: Pass 1: Checking inodes, blocks, and sizes\x0a
[   12.643054] e2fsck: Inode 3170450 extent tree (at level 1) could be shorter.  Fix? yes\x0a
[   12.643062] e2fsck: \x0a
[   12.643071] e2fsck: Inode 4989217 extent tree (at level 1) could be shorter.  Fix? yes\x0a
[   12.643080] e2fsck: \x0a
[   12.643088] e2fsck: Pass 1E: Optimizing extent trees\x0a
[   12.643097] e2fsck: Pass 2: Checking directory structure\x0a
[   12.643106] e2fsck: Pass 3: Checking directory connectivity\x0a
[   12.643114] e2fsck: Pass 4: Checking reference counts\x0a
[   12.643123] e2fsck: Pass 5: Checking group summary information\x0a
[   12.643132] e2fsck: [QUOTA WARNING] Usage inconsistent for ID 10144:actual (48386048, 1515) != expected (48390144, 1515)\x0a
[   12.643141] e2fsck: [QUOTA WARNING] Usage inconsistent for ID 1410144:actual (7454720, 265) != expected (7458816, 265)\x0a
[   12.643149] e2fsck: Update quota info for quota type 0? yes\x0a
[   12.643158] e2fsck: \x0a
[   12.643166] e2fsck: [QUOTA WARNING] Usage inconsistent for ID 10144:actual (3112960, 164) != expected (3117056, 164)\x0a
[   12.643176] e2fsck: [QUOTA WARNING] Usage inconsistent for ID 1410144:actual (2519040, 99) != expected (2523136, 99)\x0a
[   12.643184] e2fsck: Update quota info for quota type 1? yes\x0a
[   12.643192] e2fsck: \x0a
[   12.643201] e2fsck: \x0a
[   12.643209] e2fsck: /dev/block/bootdevice/by-name/userdata: ***** FILE SYSTEM WAS MODIFIED *****\x0a
[   12.643218] e2fsck: /dev/block/bootdevice/by-name/userdata: 101517/5349376 files (2.4% non-contiguous), 14110426/21386068 blocks\x0a
[   12.643230] e2fsck: e2fsck terminated by exit(1)\x0a
[   12.643389] init: [libfs_mgr]e2fsck returned status 0x100
[   12.667790] EXT4-fs (sda15): mounted filesystem with ordered data mode. Opts: noauto_da_alloc
[   12.668189] init: [libfs_mgr]__mount(source=/dev/block/bootdevice/by-name/userdata,target=/data,type=ext4)=0: Success
[   12.668271] init: [libfs_mgr]mount_with_alternatives(): Mounted /dev/block/bootdevice/by-name/userdata on /data with fs_type=ext4 instead of f2fs
[   12.672467] init: [libfs_mgr]superblock s_max_mnt_count:10,/dev/block/bootdevice/by-name/persist
[   12.673137] init: [libfs_mgr]Filesystem on /dev/block/bootdevice/by-name/persist was not cleanly shutdown; state flags: 0x1, incompat feature flags: 0x46
[   12.675685] init: [libfs_mgr]check_fs(): mount(/dev/block/bootdevice/by-name/persist,/mnt/vendor/persist,ext4)=-1: No such file or directory
[   12.676063] init: [libfs_mgr]Running /system/bin/e2fsck on /dev/block/sda12
[   12.719644] e2fsck: e2fsck 1.44.4 (18-Aug-2018)\x0a
[   12.719713] e2fsck: /dev/block/bootdevice/by-name/persist is mounted.\x0a
[   12.719739] e2fsck: e2fsck: Cannot continue, aborting.\x0a
[   12.719763] e2fsck: \x0a
[   12.719787] e2fsck: \x0a
[   12.719817] e2fsck: e2fsck terminated by exit(8)\x0a
[   12.720941] init: [libfs_mgr]e2fsck returned status 0x800
[   12.722780] init: [libfs_mgr]__mount(source=/dev/block/bootdevice/by-name/persist,target=/mnt/vendor/persist,type=ext4)=0: Success
[   12.728295] init: [libfs_mgr]superblock s_max_mnt_count:65535,/dev/block/bootdevice/by-name/dsp
[   12.733754] EXT4-fs (sde32): mounted filesystem with ordered data mode. Opts: 
[   12.734035] init: [libfs_mgr]__mount(source=/dev/block/bootdevice/by-name/dsp,target=/vendor/dsp,type=ext4)=0: Success
[   12.737649] init: [libfs_mgr]__mount(source=/dev/block/bootdevice/by-name/modem,target=/vendor/firmware_mnt,type=vfat)=0: Success
[   12.741157] init: [libfs_mgr]__mount(source=/dev/block/bootdevice/by-name/bluetooth,target=/vendor/bt_firmware,type=vfat)=0: Success
[   12.744297] init: [libfs_mgr]__mount(source=/mnt/vendor/persist,target=/persist,type=none)=0: Success
[   12.749427] init: Parsing file /product/etc/init...
[   12.749712] init: Unable to read config file '/product/etc/init': open() failed: No such file or directory
[   12.749881] init: Parsing file /product_services/etc/init...
[   12.750281] init: Unable to read config file '/product_services/etc/init': open() failed: No such file or directory
[   12.750590] init: Parsing file /odm/etc/init...
[   12.750801] init: Unable to read config file '/odm/etc/init': open() failed: No such file or directory
[   12.753018] init: Command 'mount_all /vendor/etc/fstab.qcom' action=fs (/vendor/etc/init/hw/init.device.rc:8) took 4307ms and succeeded
[   12.802597] init: processing action (fs) from (/system/etc/init/logd.rc:27)
[   12.805379] init: processing action (fs) from (/system/etc/init/wifi-events.rc:17)
[   12.806979] init: processing action (post-fs) from (/init.rc:368)
[   12.808177] init: starting service 'exec 2 (/system/bin/vdc checkpoint markBootAttempt)'...
[   12.824410] init: SVC_EXEC service 'exec 2 (/system/bin/vdc checkpoint markBootAttempt)' pid 540 (uid 1000 gid 1000+0 context default) started; waiting...
[   12.888251] vdc: Waited 0ms for vold
[   12.892868] init: Service 'exec 2 (/system/bin/vdc checkpoint markBootAttempt)' (pid 540) exited with status 0 waiting took 0.073000 seconds
[   12.938877] selinux: SELinux: Skipping restorecon on directory(/cache)\x0a
[   12.956441] selinux: SELinux:  setxattr failed: /metadata:  Read-only file system\x0a
[   12.957979] init: Command 'mkdir /metadata/vold' action=post-fs (/init.rc:418) took 1ms and failed: mkdir() failed: Read-only file system
[   12.959661] init: Command 'mkdir /metadata/password_slots 0771 root system' action=post-fs (/init.rc:420) took 1ms and failed: mkdir() failed: Read-only file system
[   12.961327] init: Command 'mkdir /metadata/apex 0700 root system' action=post-fs (/init.rc:422) took 1ms and failed: mkdir() failed: Read-only file system
[   12.962530] init: processing action (post-fs) from (/vendor/etc/init/hw/init.qcom.rc:59)
[   12.963592] init: processing action (post-fs) from (/vendor/etc/init/hw/init.device.rc:16)
